// Jest Snapshot v1, https://goo.gl/fbAQLP

exports[`CommingSoon renders the CommingSoon component 1`] = `
<div>
  <div
    class="Thanks-wrapper"
  >
    <div
      class="Thanks-row"
    >
      <div
        class="Thanks-col-md-12"
      >
        <div
          class="Thanks-cmtk_group"
        >
          <a
            href="/home"
          >
            <div
              class="Thanks-ct-logo"
            >
              <img
                alt=""
                src="https://gambolthemes.net/html-items/cursus-new-demo/images/ct_logo.svg"
              />
            </div>
          </a>
          <div
            class="Thanks-cmtk_dt"
          >
            <div
              class="cs-time"
            >
              <div
                class="cs-timer"
              >
                <span
                  class="cs_coming_title"
                >
                  155
                   :
                </span>
                <label>
                  Days
                </label>
              </div>
              <div
                class="cs-timer"
              >
                <span
                  class="cs_coming_title"
                >
                  13
                   :
                </span>
                <label>
                  Hours
                </label>
              </div>
              <div
                class="cs-timer"
              >
                <span
                  class="cs_coming_title"
                >
                  54
                   :
                </span>
                <label>
                  Minutes
                </label>
              </div>
              <div
                class="cs-timer"
              >
                <span
                  class="cs_coming_title"
                >
                  10
                </span>
                <label>
                  Seconds
                </label>
              </div>
            </div>
            <h4
              class="cs-thnk_title1"
            >
              We will be comming soon!
            </h4>
            <div
              class="cs-search"
            >
              <form>
                <div
                  class="cs-search-box"
                >
                  <div
                    class="cs-search-input"
                  >
                    <input
                      class="cs-input"
                      id="id_email"
                      maxlength="64"
                      name="emailaddress"
                      placeholder="Email address"
                      type="email"
                    />
                    <button
                      class="cs-submit"
                      type="submit"
                    >
                      Notify Me
                    </button>
                  </div>
                </div>
              </form>
            </div>
          </div>
          <div
            class="Thanks-tc_footer_main"
          >
            <div
              class="Thanks-tc_footer_left"
            >
              <ul>
                <li>
                  <a
                    href="about_us.html"
                  >
                    About
                  </a>
                </li>
                <li>
                  <a
                    href="press.html"
                  >
                    Press
                  </a>
                </li>
                <li>
                  <a
                    href="contact_us.html"
                  >
                    Contact Us
                  </a>
                </li>
                <li>
                  <a
                    href="coming_soon.html"
                  >
                    Advertise
                  </a>
                </li>
                <li>
                  <a
                    href="coming_soon.html"
                  >
                    Developers
                  </a>
                </li>
                <li>
                  <a
                    href="terms_of_use.html"
                  >
                    Copyright
                  </a>
                </li>
                <li>
                  <a
                    href="terms_of_use.html"
                  >
                    Privacy Policy
                  </a>
                </li>
                <li>
                  <a
                    href="terms_of_use.html"
                  >
                    Terms
                  </a>
                </li>
              </ul>
            </div>
            <div
              class="Thanks-tc_footer_right"
            >
              <p>
                Â© 2024 
                <strong>
                  Cursus
                </strong>
                . All Rights Reserved.
              </p>
            </div>
          </div>
        </div>
      </div>
    </div>
  </div>
</div>
`;
