// Jest Snapshot v1, https://goo.gl/fbAQLP

exports[`ApplyJob renders the ApplyJob component 1`] = `
<div>
  <div
    class="apply-job"
  >
    <header
      class="header"
    >
      <a
        href="/home"
      >
        <button
          class="header-link1"
        >
          Back To Cursus
        </button>
      </a>
      <a
        href="/home"
      >
        <img
          alt=""
          class="header-group-icon"
          src="https://gambolthemes.net/html-items/cursus-new-demo/images/logo.svg"
        />
      </a>
      <div
        class="profile"
      >
        <img
          alt=""
          class="header-avatar"
          src="profile-img.jpg"
        />
      </div>
    </header>
    <main
      class="apply-job-parent"
    >
      <div
        class="apply-job-wrapper"
      >
        <div
          class="apply-job-breadcrumb-content"
        >
          <div
            class="apply-job-breadcrumb-title"
          >
            <div
              class="apply-job-breadcrumb-list"
            >
              <a
                class="apply-job-home"
                href="/home"
              >
                Home
              </a>
              <div
                class="apply-job-breadcrumb-items"
              >
                /
              </div>
              <a
                class="apply-job-career"
                href="/career"
              >
                Career
              </a>
              <div
                class="apply-job-breadcrumb-items-1"
              >
                /
              </div>
              <div
                class="apply-job-data-engineer"
              >
                Data Engineer
              </div>
            </div>
            <h3
              class="apply-job-heading-1"
            >
              Data Engineer
            </h3>
          </div>
          <div
            class="apply-job-back-to-career-link"
          >
            <svg
              class="apply-job-icon"
              fill="currentColor"
              height="1em"
              stroke="currentColor"
              stroke-width="0"
              viewBox="0 0 24 24"
              width="1em"
              xmlns="http://www.w3.org/2000/svg"
            >
              <path
                d="M0 0h24v24H0z"
                fill="none"
              />
              <path
                d="M17.59 18 19 16.59 14.42 12 19 7.41 17.59 6l-6 6z"
              />
              <path
                d="m11 18 1.41-1.41L7.83 12l4.58-4.59L11 6l-6 6z"
              />
            </svg>
            <a
              class="apply-job-back-to-career"
              href="/career"
            >
              Back to Career
            </a>
          </div>
        </div>
        <div
          class="apply-job-application"
        >
          <div
            class="apply-job-application-parent"
          >
            <div
              class="apply-job-horizontal-border-wrapper"
            >
              <div
                class="apply-job-horizontal-border"
              >
                <button
                  class="apply-job-apply-for-button"
                >
                  Apply For This Job
                </button>
              </div>
            </div>
            <div
              class="apply-job-description"
            >
              <div
                class="apply-job-content-container"
              >
                <p
                  class="apply-job-content"
                >
                  Lorem ipsum dolor sit amet, consectetur adipiscing elit. Curabitur volutpat maximus pellentesque. Integer sem enim, luctus at nibh at, condimentum sagittis sapien. Sed tempus ipsum erat, sit amet efficitur velit interdum eu. Vestibulum hendrerit id dolor eu scelerisque. Phasellus ex dui, consequat nec feugiat eu, dapibus eget ante. Sed sodales interdum dui, at euismod mi feugiat hendrerit. Suspendisse auctor libero in tempor mollis. Nulla et dolor velit. Aliquam sit amet luctus quam.
                </p>
              </div>
              <div
                class="apply-job-heading-41"
              >
                What you'll be doing
              </div>
              <div
                class="apply-job-content-container"
              >
                <p
                  class="apply-job-content"
                >
                  Nam a egestas libero, eget eleifend turpis. Sed id ipsum a ipsum aliquam laoreet sit amet sit amet nibh. Proin dapibus, libero sed posuere rhoncus, orci mi cursus enim, at accumsan eros massa lacinia mi. Nunc eget finibus felis, volutpat malesuada sem. Aliquam ac nisl pellentesque, varius neque sit amet, porttitor nunc. Nullam elit tellus, dapibus non eleifend sed, hendrerit eget velit. Aliquam ut felis dictum, tincidunt magna vitae, aliquam massa. In porttitor tristique quam, non dignissim sapien pharetra ultrices. Cras non ante non velit mollis mollis. Pellentesque habitant morbi tristique senectus et netus et malesuada fames ac turpis egestas. Quisque et bibendum urna, eget consequat sapien. Integer sed condimentum nibh. Integer id neque tristique, lobortis massa ac, dapibus nibh. Donec nulla odio, porttitor ac rutrum eget, volutpat a velit. Curabitur et enim quis diam congue dictum et vitae dui. Nulla tortor orci, luctus a pretium vel, ultrices porta nisl.
                </p>
              </div>
              <div
                class="apply-job-content-container"
              >
                <p
                  class="apply-job-content"
                >
                  Etiam lobortis dictum tincidunt. Interdum et malesuada fames ac ante ipsum primis in faucibus. Suspendisse ultricies efficitur dui, suscipit tempus elit condimentum quis. Duis sed vestibulum tortor, eget cursus odio.
                </p>
              </div>
              <div
                class="apply-job-heading-41"
              >
                What we're looking for
              </div>
              <div
                class="apply-job-content-container-1"
              >
                <p
                  class="apply-job-content-1"
                >
                  1. Work closely with other data engineers to enhance infrastructure, improve reliability, and strengthen database performance
                </p>
                <p
                  class="apply-job-content-1"
                >
                  2. Collaborate with data scientists, product managers, marketers and other data-driven internal stakeholders to identify opportunities for better data access and usage
                </p>
                <p
                  class="apply-job-content-1"
                >
                  3. Contribute to the ongoing development of the data warehouse ecosystem
                </p>
                <p
                  class="apply-job-content-1"
                >
                  4. Become the expert on all aspects of Edututs+'s data reporting and analytics infrastructure
                </p>
                <p
                  class="apply-job-content-1"
                >
                  5. Develop and maintain data definitions for internally available data sources
                </p>
              </div>
              <div
                class="apply-job-heading-41"
              >
                Who should apply?
              </div>
              <div
                class="apply-job-content-container"
              >
                <p
                  class="apply-job-content"
                >
                  Quisque et bibendum urna, eget consequat sapien. Integer sed condimentum nibh. Integer id neque tristique, lobortis massa ac, dapibus nibh. Donec nulla odio, porttitor ac rutrum eget, volutpat a velit. Curabitur et enim quis diam congue dictum et vitae dui. Nulla tortor orci, luctus a pretium vel, ultrices porta nisl.
                </p>
              </div>
              <div
                class="apply-job-heading-41"
              >
                What next?
              </div>
              <div
                class="apply-job-content-container"
              >
                <p
                  class="apply-job-content"
                >
                  Quisque et bibendum urna, eget consequat sapien. Integer sed condimentum nibh. Integer id neque tristique, lobortis massa ac, dapibus nibh. Donec nulla odio, porttitor ac rutrum eget, volutpat a velit. Curabitur et enim quis diam congue dictum et vitae dui. Nulla tortor orci, luctus a pretium vel, ultrices porta nisl.
                </p>
              </div>
            </div>
            <div
              class="apply-job-submit-application"
            >
              <div
                class="apply-job-heading-41"
              >
                Submit Your Application
              </div>
              <div
                class="apply-job-form"
              >
                <div
                  class="apply-job-border-form"
                >
                  <input
                    id="fullname"
                    name="fullname"
                    placeholder="Full Name"
                    type="text"
                  />
                </div>
                <div
                  class="apply-job-border-form"
                >
                  <input
                    id="email"
                    name="email"
                    placeholder="Email Adress"
                    type="email"
                  />
                </div>
                <div
                  class="apply-job-border-form"
                >
                  <input
                    id="phonenumber"
                    name="phonenumber"
                    placeholder="Phone Number"
                    type="number"
                  />
                </div>
                <div
                  class="ant-select ant-select-outlined apply-job-select css-dev-only-do-not-override-f7vrd6 ant-select-single ant-select-show-arrow"
                  style="color: lightgray;"
                >
                  <div
                    class="ant-select-selector"
                  >
                    <span
                      class="ant-select-selection-search"
                    >
                      <input
                        aria-autocomplete="list"
                        aria-controls="rc_select_TEST_OR_SSR_list"
                        aria-expanded="false"
                        aria-haspopup="listbox"
                        aria-owns="rc_select_TEST_OR_SSR_list"
                        autocomplete="off"
                        class="ant-select-selection-search-input"
                        id="rc_select_TEST_OR_SSR"
                        readonly=""
                        role="combobox"
                        style="opacity: 0;"
                        type="search"
                        unselectable="on"
                        value=""
                      />
                    </span>
                    <span
                      class="ant-select-selection-placeholder"
                    >
                      Gender
                    </span>
                  </div>
                  <span
                    aria-hidden="true"
                    class="ant-select-arrow"
                    style="user-select: none;"
                    unselectable="on"
                  >
                    <span
                      aria-label="down"
                      class="anticon anticon-down ant-select-suffix"
                      role="img"
                    >
                      <svg
                        aria-hidden="true"
                        data-icon="down"
                        fill="currentColor"
                        focusable="false"
                        height="1em"
                        viewBox="64 64 896 896"
                        width="1em"
                      >
                        <path
                          d="M884 256h-75c-5.1 0-9.9 2.5-12.9 6.6L512 654.2 227.9 262.6c-3-4.1-7.8-6.6-12.9-6.6h-75c-6.5 0-10.3 7.4-6.5 12.7l352.6 486.1c12.8 17.6 39 17.6 51.7 0l352.6-486.1c3.9-5.3.1-12.7-6.4-12.7z"
                        />
                      </svg>
                    </span>
                  </span>
                </div>
              </div>
              <div
                class="apply-job-heading-42"
              >
                Resume/CV*
              </div>
              <div
                class="apply-job-cv-form"
              >
                <input
                  accept="application/pdf"
                  name="resume"
                  placeholder="Attach Resume/CV"
                  type="file"
                />
                <div
                  class="apply-job-drap-text"
                >
                  <svg
                    class="apply-job-icon-upload"
                    fill="currentColor"
                    height="1em"
                    stroke="currentColor"
                    stroke-width="0"
                    viewBox="0 0 24 24"
                    width="1em"
                    xmlns="http://www.w3.org/2000/svg"
                  >
                    <path
                      d="M0 0h24v24H0z"
                      fill="none"
                    />
                    <path
                      d="M19.35 10.04A7.49 7.49 0 0 0 12 4C9.11 4 6.6 5.64 5.35 8.04A5.994 5.994 0 0 0 0 14c0 3.31 2.69 6 6 6h13c2.76 0 5-2.24 5-5 0-2.64-2.05-4.78-4.65-4.96zM14 13v4h-4v-4H7l5-5 5 5h-3z"
                    />
                  </svg>
                  <h4>
                    Attach Resume/CV
                  </h4>
                </div>
              </div>
            </div>
            <div
              class="apply-job-links"
            >
              <div
                class="apply-job-heading-41"
              >
                Links
              </div>
              <div
                class="apply-job-form"
              >
                <div
                  class="apply-job-border-form"
                >
                  <input
                    id="linkedin"
                    name="linkedin"
                    placeholder="LinkedIn URL"
                    type="url"
                  />
                </div>
                <div
                  class="apply-job-border-form"
                >
                  <input
                    id="twitter"
                    name="twitter"
                    placeholder="Twitter URL"
                    type="url"
                  />
                </div>
                <div
                  class="apply-job-border-form"
                >
                  <input
                    id="postfolio"
                    name="postfolio"
                    placeholder="Postfolio URL"
                    type="url"
                  />
                </div>
                <div
                  class="apply-job-border-form"
                >
                  <input
                    id="otherweb"
                    name="otherweb"
                    placeholder="Other Website URL"
                    type="url"
                  />
                </div>
              </div>
            </div>
            <div
              class="apply-job-additional-infor"
            >
              <div
                class="apply-job-heading-41"
              >
                Links
              </div>
              <div
                class="apply-job-border-form"
              >
                <textarea
                  cols="10"
                  id="infor"
                  name="infor"
                  placeholder="Add a cover letter or anything else you want to share"
                  rows="10"
                />
              </div>
              <button
                class="apply-job-submit-button"
                type="submit"
              >
                Submit Application
              </button>
            </div>
          </div>
        </div>
      </div>
    </main>
    <footer
      class="footer footer-large-container"
    >
      <div
        class="footer-links"
      >
        <div
          class="footer-column"
        >
          <a
            class="link"
            href="/about-us"
          >
            About
          </a>
          <a
            class="link"
            href="/blog-single-view/:id"
          >
            Blog
          </a>
          <a
            class="link"
            href="/career"
          >
            Careers
          </a>
          <a
            class="link"
            href="/press"
          >
            Press
          </a>
        </div>
        <div
          class="footer-column"
        >
          <a
            class="link"
            href="/help"
          >
            Help
          </a>
          <a
            class="link"
            href="/coming-soon"
          >
            Advertise
          </a>
          <a
            class="link"
            href="/coming-soon"
          >
            Developers
          </a>
          <a
            class="link"
            href="/contactus"
          >
            Contact Us
          </a>
        </div>
        <div
          class="footer-column"
        >
          <a
            class="link"
            href="/termsofuse"
          >
            Copyright Policy
          </a>
          <a
            class="link"
            href="/termsofuse"
          >
            Terms
          </a>
          <a
            class="link"
            href="/termsofuse"
          >
            Privacy Policy
          </a>
          <a
            class="link"
            href="/sitemap"
          >
            Sitemap
          </a>
        </div>
        <div
          class="footer-column"
        >
          <button
            class="teach-button"
          >
            Teach on Cursus
          </button>
          <div
            class="language-selector"
          >
            <button>
              Language 
              <span>
                ▼
              </span>
            </button>
          </div>
        </div>
      </div>
      <div
        class="footer-bottom"
      >
        <div
          class="footer-copy"
        >
          <img
            alt=""
            src="https://gambolthemes.net/html-items/cursus-new-demo/images/logo1.svg"
          />
          © 2024 
          <strong>
            Cursus
          </strong>
          . All Rights Reserved.
        </div>
        <div
          class="footer-social"
        >
          <a
            href="/home"
          >
            <img
              alt=""
              class="social-icon"
              src="facebook.png"
            />
          </a>
          <a
            href="/home"
          >
            <img
              alt=""
              class="social-icon"
              src="x.png"
            />
          </a>
          <a
            href="/home"
          >
            <img
              alt=""
              class="social-icon"
              src="google+.png"
            />
          </a>
          <a
            href="/home"
          >
            <img
              alt=""
              class="social-icon"
              src="linkedin.png"
            />
          </a>
          <a
            href="/home"
          >
            <img
              alt=""
              class="social-icon"
              src="insta.png"
            />
          </a>
          <a
            href="/home"
          >
            <img
              alt=""
              class="social-icon"
              src="pinterest.png"
            />
          </a>
        </div>
      </div>
    </footer>
  </div>
</div>
`;
