// Jest Snapshot v1, https://goo.gl/fbAQLP

exports[`Company renders the Company component 1`] = `
<div>
  <div
    class="company"
  >
    <header
      class="header"
    >
      <a
        href="/home"
      >
        <button
          class="header-link1"
        >
          Back To Cursus
        </button>
      </a>
      <a
        href="/home"
      >
        <img
          alt=""
          class="header-group-icon"
          src="https://gambolthemes.net/html-items/cursus-new-demo/images/logo.svg"
        />
      </a>
      <div
        class="profile"
      >
        <img
          alt=""
          class="header-avatar"
          src="profile-img.jpg"
        />
      </div>
    </header>
    <main>
      <div
        class="company-parent"
      >
        <div
          class="company-background"
        >
          <div
            class="company-navigation-links-parent"
          >
            <div
              class="company-navigation-links"
            >
              <a
                class="company-about"
                href="/about-us"
              >
                About
              </a>
            </div>
            <div
              class="company-navigation-links-1"
            >
              <a
                class="company-blog"
                href="/our-blog"
              >
                Blog
              </a>
            </div>
            <div
              class="company-navigation-links-2"
            >
              <a
                class="company-company"
                href="/company-details"
              >
                Company
              </a>
            </div>
            <div
              class="company-navigation-links-3"
            >
              <a
                class="company-careers"
                href="/career"
              >
                Careers
              </a>
            </div>
            <div
              class="company-navigation-links-4"
            >
              <a
                class="company-press"
                href="/press"
              >
                Press
              </a>
            </div>
          </div>
          <div
            class="company-learning-heading"
          >
            <h2
              class="company-heading-2"
            >
              Expanding learning opportunities
            </h2>
          </div>
        </div>
        <div
          class="company-our-story"
        >
          <div
            class="company-story-content"
          >
            <div
              class="company-story-wrapper"
            >
              <div
                class="company-heading-2-our-story"
              >
                <h2
                  class="company-heading-23"
                >
                  Our Origins
                </h2>
                <div
                  class="company-line-story"
                />
              </div>
              <div
                class="company-our-story-container"
              >
                <p
                  class="company-our-story-content"
                >
                  Cursus was founded in 2020 by computer science instructor with a vision to provide anyone, anywhere with access to the worldâ€™s best education. Now many instructors put their courses online for anyone to take and taught more learners in a few months than they could over an entire lifetime in the classroom. Today, Cursus has expanded to reach more than 40 million people and 2,300 businesses around the world. On Cursus you can find online courses, instructors, and certificates from Cursus.
                </p>
              </div>
            </div>
          </div>
          <img
            alt=""
            class="company-story-img"
            src="https://gambolthemes.net/html-items/cursus-new-demo/images/about/company.jpg"
          />
        </div>
        <div
          class="company-office-locations"
        >
          <div
            class="company-office-location-one-parent"
          >
            <div
              class="company-office-location-one"
            >
              <div
                class="company-location-elements-one"
              >
                <div
                  class="company-location-details-one"
                >
                  <h3
                    class="company-heading-3"
                  >
                    Our Offices
                  </h3>
                </div>
                <div
                  class="company-office-one-description"
                >
                  <div
                    class="company-cursus-branches-around"
                  >
                    Cursus branches around the world
                  </div>
                  <div
                    class="company-line-wrapper"
                  />
                </div>
              </div>
            </div>
            <div
              class="company-office-link-one"
            >
              <div
                class="company-background-border"
              >
                <div
                  class="company-link-2"
                >
                  <img
                    alt=""
                    class="company-image-company"
                    src="India.png"
                  />
                  <div
                    class="company-gradient"
                  />
                </div>
                <div
                  class="company-office-city-one"
                >
                  <div
                    class="company-office-full-address-one"
                  >
                    <div
                      class="company-country"
                    >
                      Punjab, India
                    </div>
                    <div
                      class="company-address-container"
                    >
                      <p
                        class="company-address"
                      >
                        #1235 Sks Nagar St No. 8 Phase 3, Pakhowal Road, 141001, LDH, Punjab, India
                      </p>
                    </div>
                    <div
                      class="company-location-elements-two"
                    >
                      <div
                        class="company-location-details-two"
                      >
                        <div
                          class="company-office-two-title"
                        >
                          <svg
                            class="company-icon-phone"
                            fill="none"
                            height="1em"
                            stroke="currentColor"
                            stroke-linecap="round"
                            stroke-linejoin="round"
                            stroke-width="2"
                            viewBox="0 0 24 24"
                            width="1em"
                            xmlns="http://www.w3.org/2000/svg"
                          >
                            <path
                              d="M22 16.92v3a2 2 0 0 1-2.18 2 19.79 19.79 0 0 1-8.63-3.07 19.5 19.5 0 0 1-6-6 19.79 19.79 0 0 1-3.07-8.67A2 2 0 0 1 4.11 2h3a2 2 0 0 1 2 1.72 12.84 12.84 0 0 0 .7 2.81 2 2 0 0 1-.45 2.11L8.09 9.91a16 16 0 0 0 6 6l1.27-1.27a2 2 0 0 1 2.11-.45 12.84 12.84 0 0 0 2.81.7A2 2 0 0 1 22 16.92z"
                            />
                          </svg>
                        </div>
                        <div
                          class="company-office-two-address"
                        >
                          0161-1234567
                        </div>
                      </div>
                    </div>
                  </div>
                </div>
              </div>
              <div
                class="company-background-border"
              >
                <div
                  class="company-link-2"
                >
                  <img
                    alt=""
                    class="company-image-company"
                    src="Cali.png"
                  />
                  <div
                    class="company-gradient"
                  />
                </div>
                <div
                  class="company-office-city-one"
                >
                  <div
                    class="company-office-full-address-one"
                  >
                    <div
                      class="company-country"
                    >
                      San Francisco, CA
                    </div>
                    <div
                      class="company-address-container"
                    >
                      <p
                        class="company-address"
                      >
                        586 Lorem st. 5 floor, San Francisco San Francisco, CA 94107
                      </p>
                    </div>
                    <div
                      class="company-location-elements-two"
                    >
                      <div
                        class="company-location-details-two"
                      >
                        <div
                          class="company-office-two-title"
                        >
                          <svg
                            class="company-icon-phone"
                            fill="none"
                            height="1em"
                            stroke="currentColor"
                            stroke-linecap="round"
                            stroke-linejoin="round"
                            stroke-width="2"
                            viewBox="0 0 24 24"
                            width="1em"
                            xmlns="http://www.w3.org/2000/svg"
                          >
                            <path
                              d="M22 16.92v3a2 2 0 0 1-2.18 2 19.79 19.79 0 0 1-8.63-3.07 19.5 19.5 0 0 1-6-6 19.79 19.79 0 0 1-3.07-8.67A2 2 0 0 1 4.11 2h3a2 2 0 0 1 2 1.72 12.84 12.84 0 0 0 .7 2.81 2 2 0 0 1-.45 2.11L8.09 9.91a16 16 0 0 0 6 6l1.27-1.27a2 2 0 0 1 2.11-.45 12.84 12.84 0 0 0 2.81.7A2 2 0 0 1 22 16.92z"
                            />
                          </svg>
                        </div>
                        <div
                          class="company-office-two-address"
                        >
                          +1 415-1234567
                        </div>
                      </div>
                    </div>
                  </div>
                </div>
              </div>
              <div
                class="company-background-border"
              >
                <div
                  class="company-link-2"
                >
                  <img
                    alt=""
                    class="company-image-company"
                    src="Brazil.png"
                  />
                  <div
                    class="company-gradient"
                  />
                </div>
                <div
                  class="company-office-city-one"
                >
                  <div
                    class="company-office-full-address-one"
                  >
                    <div
                      class="company-country"
                    >
                      SÃ£o Paulo, Brazil
                    </div>
                    <div
                      class="company-address-container"
                    >
                      <p
                        class="company-address"
                      >
                        Lorem ipsum 589, Vila Madalena, SÃ£o Paulo - SP 01443-010
                      </p>
                    </div>
                    <div
                      class="company-location-elements-two"
                    >
                      <div
                        class="company-location-details-two"
                      >
                        <div
                          class="company-office-two-title"
                        >
                          <svg
                            class="company-icon-phone"
                            fill="none"
                            height="1em"
                            stroke="currentColor"
                            stroke-linecap="round"
                            stroke-linejoin="round"
                            stroke-width="2"
                            viewBox="0 0 24 24"
                            width="1em"
                            xmlns="http://www.w3.org/2000/svg"
                          >
                            <path
                              d="M22 16.92v3a2 2 0 0 1-2.18 2 19.79 19.79 0 0 1-8.63-3.07 19.5 19.5 0 0 1-6-6 19.79 19.79 0 0 1-3.07-8.67A2 2 0 0 1 4.11 2h3a2 2 0 0 1 2 1.72 12.84 12.84 0 0 0 .7 2.81 2 2 0 0 1-.45 2.11L8.09 9.91a16 16 0 0 0 6 6l1.27-1.27a2 2 0 0 1 2.11-.45 12.84 12.84 0 0 0 2.81.7A2 2 0 0 1 22 16.92z"
                            />
                          </svg>
                        </div>
                        <div
                          class="company-office-two-address"
                        >
                          +55-11-1234567
                        </div>
                      </div>
                    </div>
                  </div>
                </div>
              </div>
            </div>
          </div>
        </div>
      </div>
    </main>
    <footer
      class="footer footer-large-container"
    >
      <div
        class="footer-links"
      >
        <div
          class="footer-column"
        >
          <a
            class="link"
            href="/about-us"
          >
            About
          </a>
          <a
            class="link"
            href="/blog-single-view/:id"
          >
            Blog
          </a>
          <a
            class="link"
            href="/career"
          >
            Careers
          </a>
          <a
            class="link"
            href="/press"
          >
            Press
          </a>
        </div>
        <div
          class="footer-column"
        >
          <a
            class="link"
            href="/help"
          >
            Help
          </a>
          <a
            class="link"
            href="/coming-soon"
          >
            Advertise
          </a>
          <a
            class="link"
            href="/coming-soon"
          >
            Developers
          </a>
          <a
            class="link"
            href="/contactus"
          >
            Contact Us
          </a>
        </div>
        <div
          class="footer-column"
        >
          <a
            class="link"
            href="/termsofuse"
          >
            Copyright Policy
          </a>
          <a
            class="link"
            href="/termsofuse"
          >
            Terms
          </a>
          <a
            class="link"
            href="/termsofuse"
          >
            Privacy Policy
          </a>
          <a
            class="link"
            href="/sitemap"
          >
            Sitemap
          </a>
        </div>
        <div
          class="footer-column"
        >
          <button
            class="teach-button"
          >
            Teach on Cursus
          </button>
          <div
            class="language-selector"
          >
            <button>
              Language 
              <span>
                â–¼
              </span>
            </button>
          </div>
        </div>
      </div>
      <div
        class="footer-bottom"
      >
        <div
          class="footer-copy"
        >
          <img
            alt=""
            src="https://gambolthemes.net/html-items/cursus-new-demo/images/logo1.svg"
          />
          Â© 2024 
          <strong>
            Cursus
          </strong>
          . All Rights Reserved.
        </div>
        <div
          class="footer-social"
        >
          <a
            href="/home"
          >
            <img
              alt=""
              class="social-icon"
              src="facebook.png"
            />
          </a>
          <a
            href="/home"
          >
            <img
              alt=""
              class="social-icon"
              src="x.png"
            />
          </a>
          <a
            href="/home"
          >
            <img
              alt=""
              class="social-icon"
              src="google+.png"
            />
          </a>
          <a
            href="/home"
          >
            <img
              alt=""
              class="social-icon"
              src="linkedin.png"
            />
          </a>
          <a
            href="/home"
          >
            <img
              alt=""
              class="social-icon"
              src="insta.png"
            />
          </a>
          <a
            href="/home"
          >
            <img
              alt=""
              class="social-icon"
              src="pinterest.png"
            />
          </a>
        </div>
      </div>
    </footer>
  </div>
</div>
`;
