// Jest Snapshot v1, https://goo.gl/fbAQLP

exports[`Home renders the Home component 1`] = `
<div>
  <div
    class="home-container"
  >
    <div
      class="home-top"
    >
      <div
        class="home-left"
      >
        <section
          class="live-streams-section"
        >
          <div
            class="live-streams-header"
          >
            <h2
              class="live-streams-title"
            >
              Live Streams
            </h2>
            <a
              class="see-all-link"
              href="/all_livestream"
            >
              See all
            </a>
          </div>
          <div
            class="live-streams-container"
          >
            <button
              class="scroll-button left"
            />
            <div
              class="live-streams"
            />
            <button
              class="scroll-button right"
            />
          </div>
        </section>
        <section
          class="featured-courses-section"
        >
          <div
            class="featured-courses-header"
          >
            <h2
              class="featured-courses-title"
            >
              Featured Courses
            </h2>
            <a
              class="see-all-link"
              href="#"
            >
              See all
            </a>
          </div>
          <div
            class="featured-courses-container"
          >
            <button
              class="scroll-button left"
            />
            <div
              class="featured-courses"
            />
            <button
              class="scroll-button right"
            />
          </div>
        </section>
        <section
          class="featured-courses-section"
        >
          <div
            class="featured-courses-header"
          >
            <h2
              class="featured-courses-title"
            >
              Newest Courses
            </h2>
            <a
              class="see-all-link"
              href="#"
            >
              See all
            </a>
          </div>
          <div
            class="featured-courses-container"
          >
            <button
              class="scroll-button left"
            />
            <div
              class="featured-courses"
            />
            <button
              class="scroll-button right"
            />
          </div>
        </section>
        <section
          class="home-info-section"
        >
          <div
            class="home-info-card"
          >
            <div
              class="home-info-icon-container"
            >
              <img
                alt="icon"
                src="history.png"
              />
            </div>
            <h3>
              Go at your own pace
            </h3>
            <p>
              Enjoy lifetime access to courses on Edututs+'s website
            </p>
          </div>
          <div
            class="home-info-card"
          >
            <div
              class="home-info-icon-container"
            >
              <img
                alt="icon"
                src="expert.png"
              />
            </div>
            <h3>
              Learn from industry experts
            </h3>
            <p>
              Select from top instructors around the world
            </p>
          </div>
          <div
            class="home-info-card"
          >
            <div
              class="home-info-icon-container"
            >
              <img
                alt="icon"
                src="livestream.png"
              />
            </div>
            <h3>
              Find video courses on almost any topic
            </h3>
            <p>
              Build your library for your career and personal growth
            </p>
          </div>
          <div
            class="home-info-card"
          >
            <div
              class="home-info-icon-container"
            >
              <img
                alt="icon"
                src="screen.png"
              />
            </div>
            <h3>
              100,000 online courses
            </h3>
            <p>
              Explore a variety of fresh topics
            </p>
          </div>
        </section>
        <section
          class="popular-instructors-section"
        >
          <div
            class="popular-instructors-header"
          >
            <h2
              class="popular-instructors-title"
            >
              Popular Instructor
            </h2>
            <a
              class="see-all-link"
              href="/allinstructorlist"
            >
              See all
            </a>
          </div>
          <div
            class="popular-instructors-container"
          >
            <button
              class="scroll-button left"
            />
            <div
              class="popular-instructors"
            >
              <button
                class="scroll-button right"
              />
            </div>
          </div>
        </section>
      </div>
      <div
        class="home-right"
      >
        <section
          class="home-instructor-profile"
        >
          <div
            class="instructor-profile-image"
          >
            <img
              alt="Instructor Profile"
              src="profile-img.jpg"
            />
          </div>
          <div
            class="instructor-profile-content"
          >
            <div
              class="instructor-profile-header"
            >
              <a
                class="instructor-name"
                href="#"
              >
                John Doe
              </a>
              <div
                class="verified-badge"
              />
            </div>
            <div
              class="home-instructor-profile-title"
            >
              Web Developer, Designer, and Teacher
            </div>
            <ul
              class="social-icons-1"
            >
              <a
                class="sc-fb"
                href="#"
              >
                <img
                  src="facebook.png"
                />
              </a>
              <a
                class="sc-tw"
                href="#"
              >
                <img
                  src="x.png"
                />
              </a>
              <a
                class="sc-ln"
                href="#"
              >
                <img
                  src="linkedin.png"
                />
              </a>
              <a
                class="sc-yt"
                href="#"
              >
                <img
                  src="youtube.png"
                />
              </a>
            </ul>
            <div
              class="instructor-profile-stats"
            >
              100K Students â€¢ 15 Courses
            </div>
            <a
              class="instructor-profile-redirect"
              href="/my-instructor-profile"
            >
              Go to profile
            </a>
          </div>
        </section>
        <section
          class="home-livestream-setup"
        >
          <div
            class="home-livestream-setup-title"
          >
            <h4>
              Live Streaming
            </h4>
          </div>
          <div
            class="home-livestream-setup-text"
          >
            <div
              class="home-livestream-icon"
            >
              <div
                class="home-livestream-icon-image"
              >
                <img
                  src="livestream.png"
                />
              </div>
            </div>
            <div
              class="home-livestream-content"
            >
              <p>
                Set up your channel and stream live to your students
              </p>
              <a
                href="/add_livestream"
              >
                <button
                  class="home-livestream-link"
                >
                  Get Started
                </button>
              </a>
              <span
                class="home-livestream-info"
              >
                Info: This feature only for 'Instructor'
              </span>
            </div>
          </div>
        </section>
        <section
          class="home-get-started"
        >
          <h4>
            Get personalized recommendations
          </h4>
          <p>
            Answer a few questions for your top picks
          </p>
          <button
            class="get-started-btn"
          >
            Get Started
          </button>
        </section>
        <section
          class="home-featured-categories"
        >
          <div
            class="home-featured-categories-title"
          >
            <h4>
              Top Categories
            </h4>
          </div>
          <div
            class="home-featured-categories-list"
          >
            <span>
              <img
                src="development.png"
              />
              Development
            </span>
            <span>
              <img
                src="business.png"
              />
              Business
            </span>
            <span>
              <img
                src="it.png"
              />
              IT & Software
            </span>
            <span>
              <img
                src="design.png"
              />
              Design
            </span>
            <span>
              <img
                src="marketing.png"
              />
              Marketing
            </span>
            <span>
              <img
                src="book.png"
              />
              Personal Development
            </span>
            <span>
              <img
                src="music.png"
              />
              Music
            </span>
          </div>
        </section>
        <section
          class="home-become-instuctor"
        >
          <h4>
            Become an Instructor
          </h4>
          <p>
            Top instructors from around the world teach millions of students on Cursus. We provide the tools and skills to teach what you love.
          </p>
          <button
            class="get-started-btn"
          >
            Start teaching
          </button>
        </section>
      </div>
    </div>
    <div
      class="home-bottom"
    >
      <section
        class="home-our-student"
      >
        <h4>
          What Our Students Have Today
        </h4>
        <div
          class="our-student-container"
        >
          <button
            class="scroll-button left"
          />
          <div
            class="student-thought"
          />
          <button
            class="scroll-button right"
          />
        </div>
      </section>
    </div>
  </div>
</div>
`;

exports[`SaveCourse renders the SaveCourse component 1`] = `
<div>
  <div
    class="home-container"
  >
    <div
      class="home-top"
    >
      <div
        class="home-left"
      >
        <section
          class="live-streams-section"
        >
          <div
            class="live-streams-header"
          >
            <h2
              class="live-streams-title"
            >
              Live Streams
            </h2>
            <a
              class="see-all-link"
              href="/all_livestream"
            >
              See all
            </a>
          </div>
          <div
            class="live-streams-container"
          >
            <button
              class="scroll-button left"
            />
            <div
              class="live-streams"
            />
            <button
              class="scroll-button right"
            />
          </div>
        </section>
        <section
          class="featured-courses-section"
        >
          <div
            class="featured-courses-header"
          >
            <h2
              class="featured-courses-title"
            >
              Featured Courses
            </h2>
            <a
              class="see-all-link"
              href="#"
            >
              See all
            </a>
          </div>
          <div
            class="featured-courses-container"
          >
            <button
              class="scroll-button left"
            />
            <div
              class="featured-courses"
            />
            <button
              class="scroll-button right"
            />
          </div>
        </section>
        <section
          class="featured-courses-section"
        >
          <div
            class="featured-courses-header"
          >
            <h2
              class="featured-courses-title"
            >
              Newest Courses
            </h2>
            <a
              class="see-all-link"
              href="#"
            >
              See all
            </a>
          </div>
          <div
            class="featured-courses-container"
          >
            <button
              class="scroll-button left"
            />
            <div
              class="featured-courses"
            />
            <button
              class="scroll-button right"
            />
          </div>
        </section>
        <section
          class="home-info-section"
        >
          <div
            class="home-info-card"
          >
            <div
              class="home-info-icon-container"
            >
              <img
                alt="icon"
                src="history.png"
              />
            </div>
            <h3>
              Go at your own pace
            </h3>
            <p>
              Enjoy lifetime access to courses on Edututs+'s website
            </p>
          </div>
          <div
            class="home-info-card"
          >
            <div
              class="home-info-icon-container"
            >
              <img
                alt="icon"
                src="expert.png"
              />
            </div>
            <h3>
              Learn from industry experts
            </h3>
            <p>
              Select from top instructors around the world
            </p>
          </div>
          <div
            class="home-info-card"
          >
            <div
              class="home-info-icon-container"
            >
              <img
                alt="icon"
                src="livestream.png"
              />
            </div>
            <h3>
              Find video courses on almost any topic
            </h3>
            <p>
              Build your library for your career and personal growth
            </p>
          </div>
          <div
            class="home-info-card"
          >
            <div
              class="home-info-icon-container"
            >
              <img
                alt="icon"
                src="screen.png"
              />
            </div>
            <h3>
              100,000 online courses
            </h3>
            <p>
              Explore a variety of fresh topics
            </p>
          </div>
        </section>
        <section
          class="popular-instructors-section"
        >
          <div
            class="popular-instructors-header"
          >
            <h2
              class="popular-instructors-title"
            >
              Popular Instructor
            </h2>
            <a
              class="see-all-link"
              href="/allinstructorlist"
            >
              See all
            </a>
          </div>
          <div
            class="popular-instructors-container"
          >
            <button
              class="scroll-button left"
            />
            <div
              class="popular-instructors"
            >
              <button
                class="scroll-button right"
              />
            </div>
          </div>
        </section>
      </div>
      <div
        class="home-right"
      >
        <section
          class="home-instructor-profile"
        >
          <div
            class="instructor-profile-image"
          >
            <img
              alt="Instructor Profile"
              src="profile-img.jpg"
            />
          </div>
          <div
            class="instructor-profile-content"
          >
            <div
              class="instructor-profile-header"
            >
              <a
                class="instructor-name"
                href="#"
              >
                John Doe
              </a>
              <div
                class="verified-badge"
              />
            </div>
            <div
              class="home-instructor-profile-title"
            >
              Web Developer, Designer, and Teacher
            </div>
            <ul
              class="social-icons-1"
            >
              <a
                class="sc-fb"
                href="#"
              >
                <img
                  src="facebook.png"
                />
              </a>
              <a
                class="sc-tw"
                href="#"
              >
                <img
                  src="x.png"
                />
              </a>
              <a
                class="sc-ln"
                href="#"
              >
                <img
                  src="linkedin.png"
                />
              </a>
              <a
                class="sc-yt"
                href="#"
              >
                <img
                  src="youtube.png"
                />
              </a>
            </ul>
            <div
              class="instructor-profile-stats"
            >
              100K Students â€¢ 15 Courses
            </div>
            <a
              class="instructor-profile-redirect"
              href="/my-instructor-profile"
            >
              Go to profile
            </a>
          </div>
        </section>
        <section
          class="home-livestream-setup"
        >
          <div
            class="home-livestream-setup-title"
          >
            <h4>
              Live Streaming
            </h4>
          </div>
          <div
            class="home-livestream-setup-text"
          >
            <div
              class="home-livestream-icon"
            >
              <div
                class="home-livestream-icon-image"
              >
                <img
                  src="livestream.png"
                />
              </div>
            </div>
            <div
              class="home-livestream-content"
            >
              <p>
                Set up your channel and stream live to your students
              </p>
              <a
                href="/add_livestream"
              >
                <button
                  class="home-livestream-link"
                >
                  Get Started
                </button>
              </a>
              <span
                class="home-livestream-info"
              >
                Info: This feature only for 'Instructor'
              </span>
            </div>
          </div>
        </section>
        <section
          class="home-get-started"
        >
          <h4>
            Get personalized recommendations
          </h4>
          <p>
            Answer a few questions for your top picks
          </p>
          <button
            class="get-started-btn"
          >
            Get Started
          </button>
        </section>
        <section
          class="home-featured-categories"
        >
          <div
            class="home-featured-categories-title"
          >
            <h4>
              Top Categories
            </h4>
          </div>
          <div
            class="home-featured-categories-list"
          >
            <span>
              <img
                src="development.png"
              />
              Development
            </span>
            <span>
              <img
                src="business.png"
              />
              Business
            </span>
            <span>
              <img
                src="it.png"
              />
              IT & Software
            </span>
            <span>
              <img
                src="design.png"
              />
              Design
            </span>
            <span>
              <img
                src="marketing.png"
              />
              Marketing
            </span>
            <span>
              <img
                src="book.png"
              />
              Personal Development
            </span>
            <span>
              <img
                src="music.png"
              />
              Music
            </span>
          </div>
        </section>
        <section
          class="home-become-instuctor"
        >
          <h4>
            Become an Instructor
          </h4>
          <p>
            Top instructors from around the world teach millions of students on Cursus. We provide the tools and skills to teach what you love.
          </p>
          <button
            class="get-started-btn"
          >
            Start teaching
          </button>
        </section>
      </div>
    </div>
    <div
      class="home-bottom"
    >
      <section
        class="home-our-student"
      >
        <h4>
          What Our Students Have Today
        </h4>
        <div
          class="our-student-container"
        >
          <button
            class="scroll-button left"
          />
          <div
            class="student-thought"
          />
          <button
            class="scroll-button right"
          />
        </div>
      </section>
    </div>
  </div>
</div>
`;
