// Jest Snapshot v1, https://goo.gl/fbAQLP

exports[`CreateNewCourse renders the CreateNewCourse component 1`] = `
<div>
  <div
    class="create-new-course-container"
  >
    <div
      class="create-new-course-header"
    >
      <h2
        class="create-new-course-title"
      >
        <img
          alt="Create Course Icon"
          src="browse-instructor.png"
        />
        Create a New Course
      </h2>
    </div>
    <div
      class="create-new-course-body"
    >
      <ul
        class="step-steps"
      >
        <li
          class="step-item active"
        >
          <a
            class="flex"
            href="#tab_step1"
          >
            <span
              class="number"
            />
            <span
              class="step-name"
            >
              Basic
            </span>
          </a>
        </li>
        <li
          class="step-item "
        >
          <a
            class="flex"
            href="#tab_step2"
          >
            <span
              class="number"
            />
            <span
              class="step-name"
            >
              Curriculum
            </span>
          </a>
        </li>
        <li
          class="step-item "
        >
          <a
            class="flex"
            href="#tab_step3"
          >
            <span
              class="number"
            />
            <span
              class="step-name"
            >
              Media
            </span>
          </a>
        </li>
        <li
          class="step-item "
        >
          <a
            class="flex"
            href="#tab_step4"
          >
            <span
              class="number"
            />
            <span
              class="step-name"
            >
              Price
            </span>
          </a>
        </li>
        <li
          class="step-item "
        >
          <a
            class="flex"
            href="#tab_step5"
          >
            <span
              class="number"
            />
            <span
              class="step-name"
            >
              Publish
            </span>
          </a>
        </li>
      </ul>
      <section
        class="content-section"
      >
        <div
          class="content-tab-container"
        >
          <div
            class="content-tab-header"
          >
            <h3>
              <img
                src="info.png"
              />
              Basic Information
            </h3>
          </div>
          <div
            class="content-tab-content"
          >
            <div
              class="content-tab-title"
            >
              <h4>
                Course title*
              </h4>
            </div>
            <div
              class="content-tab-form"
            >
              <div
                class="headline-group"
              >
                <div
                  class="form-group"
                >
                  <input
                    id="title"
                    name="title"
                    placeholder="Course title here"
                    type="text"
                    value=""
                  />
                  <div
                    class="form-counter"
                  >
                    60
                  </div>
                </div>
                <div
                  class="help-block"
                >
                  (Please make this a maximum of 100 characters and unique.)
                </div>
              </div>
              <div
                class="content-tab-title"
              >
                <h4>
                  Author*
                </h4>
              </div>
              <div
                class="headline-group"
              >
                <div
                  class="form-group"
                >
                  <textarea
                    id="author"
                    name="author"
                    placeholder="Author here..."
                    type="text"
                  />
                  <div
                    class="help-block"
                  >
                    220 words.
                  </div>
                </div>
              </div>
              <div
                class="content-tab-title"
              >
                <h4>
                  Course description*
                </h4>
              </div>
              <div
                class="headline-group"
              >
                <div />
              </div>
              <div
                class="content-tab-form-split"
              >
                <div
                  class="content-tab-form-left"
                >
                  <div
                    class="content-tab-title"
                  >
                    <h4>
                      Date*
                    </h4>
                  </div>
                  <div
                    class="headline-group"
                  >
                    <div
                      class="form-group"
                    >
                      <textarea
                        id="date"
                        name="date"
                        type="text"
                      />
                      <div
                        class="help-block"
                      >
                        Student will gain these skills and knowledge after completing this course. (One per line).
                      </div>
                    </div>
                  </div>
                </div>
                <div
                  class="content-tab-form-left"
                >
                  <div
                    class="content-tab-title"
                  >
                    <h4>
                      Hours*
                    </h4>
                  </div>
                  <div
                    class="headline-group"
                  >
                    <div
                      class="form-group"
                    >
                      <textarea
                        id="hours"
                        name="hours"
                        type="text"
                      />
                      <div
                        class="help-block"
                      >
                        What knowledge, technology, and tools are required by users to start this course. (One per line).
                      </div>
                    </div>
                  </div>
                </div>
              </div>
              <div
                class="content-tab-form-split"
              >
                <div
                  class="content-tab-form-left"
                >
                  <div
                    class="content-tab-title"
                  >
                    <h4>
                      Course level*
                    </h4>
                  </div>
                  <div
                    class="headline-group"
                  >
                    <div
                      class="form-group"
                    >
                      <div
                        class="react-select-container css-b62m3t-container"
                      >
                        <span
                          class="css-1f43avz-a11yText-A11yText"
                          id="react-select-2-live-region"
                        />
                        <span
                          aria-atomic="false"
                          aria-live="polite"
                          aria-relevant="additions text"
                          class="css-1f43avz-a11yText-A11yText"
                          role="log"
                        />
                        <div
                          class="react-select__control css-rn6d2z-control"
                        >
                          <div
                            class="react-select__value-container react-select__value-container--is-multi css-1fdsijx-ValueContainer"
                          >
                            <div
                              class="react-select__placeholder css-1h3z2qk-placeholder"
                              id="react-select-2-placeholder"
                            >
                              Nothing selected
                            </div>
                            <div
                              class="react-select__input-container css-qbdosj-Input"
                              data-value=""
                            >
                              <input
                                aria-activedescendant=""
                                aria-autocomplete="list"
                                aria-describedby="react-select-2-placeholder"
                                aria-expanded="false"
                                aria-haspopup="true"
                                autocapitalize="none"
                                autocomplete="off"
                                autocorrect="off"
                                class="react-select__input"
                                id="react-select-2-input"
                                role="combobox"
                                spellcheck="false"
                                style="opacity: 1; width: 100%; grid-area: 1 / 2; min-width: 2px; border: 0px; margin: 0px; outline: 0; padding: 0px;"
                                tabindex="0"
                                type="text"
                                value=""
                              />
                            </div>
                          </div>
                          <div
                            class="react-select__indicators css-1hb7zxy-IndicatorsContainer"
                          >
                            <span
                              class="react-select__indicator-separator css-1u9des2-indicatorSeparator"
                            />
                            <div
                              aria-hidden="true"
                              class="react-select__indicator react-select__dropdown-indicator css-19wnsuc-indicatorContainer"
                            >
                              <svg
                                aria-hidden="true"
                                class="css-tj5bde-Svg"
                                focusable="false"
                                height="20"
                                viewBox="0 0 20 20"
                                width="20"
                              >
                                <path
                                  d="M4.516 7.548c0.436-0.446 1.043-0.481 1.576 0l3.908 3.747 3.908-3.747c0.533-0.481 1.141-0.446 1.574 0 0.436 0.445 0.408 1.197 0 1.615-0.406 0.418-4.695 4.502-4.695 4.502-0.217 0.223-0.502 0.335-0.787 0.335s-0.57-0.112-0.789-0.335c0 0-4.287-4.084-4.695-4.502s-0.436-1.17 0-1.615z"
                                />
                              </svg>
                            </div>
                          </div>
                        </div>
                      </div>
                    </div>
                  </div>
                </div>
                <div
                  class="content-tab-form-left"
                >
                  <div
                    class="content-tab-title"
                  >
                    <h4>
                      Audio language*
                    </h4>
                  </div>
                  <div
                    class="headline-group"
                  >
                    <div
                      class="form-group"
                    >
                      <div
                        class="react-select-container css-b62m3t-container"
                      >
                        <span
                          class="css-1f43avz-a11yText-A11yText"
                          id="react-select-3-live-region"
                        />
                        <span
                          aria-atomic="false"
                          aria-live="polite"
                          aria-relevant="additions text"
                          class="css-1f43avz-a11yText-A11yText"
                          role="log"
                        />
                        <div
                          class="react-select__control css-rn6d2z-control"
                        >
                          <div
                            class="react-select__value-container react-select__value-container--is-multi css-1fdsijx-ValueContainer"
                          >
                            <div
                              class="react-select__placeholder css-1h3z2qk-placeholder"
                              id="react-select-3-placeholder"
                            >
                              Select Audio
                            </div>
                            <div
                              class="react-select__input-container css-qbdosj-Input"
                              data-value=""
                            >
                              <input
                                aria-activedescendant=""
                                aria-autocomplete="list"
                                aria-describedby="react-select-3-placeholder"
                                aria-expanded="false"
                                aria-haspopup="true"
                                autocapitalize="none"
                                autocomplete="off"
                                autocorrect="off"
                                class="react-select__input"
                                id="react-select-3-input"
                                role="combobox"
                                spellcheck="false"
                                style="opacity: 1; width: 100%; grid-area: 1 / 2; min-width: 2px; border: 0px; margin: 0px; outline: 0; padding: 0px;"
                                tabindex="0"
                                type="text"
                                value=""
                              />
                            </div>
                          </div>
                          <div
                            class="react-select__indicators css-1hb7zxy-IndicatorsContainer"
                          >
                            <span
                              class="react-select__indicator-separator css-1u9des2-indicatorSeparator"
                            />
                            <div
                              aria-hidden="true"
                              class="react-select__indicator react-select__dropdown-indicator css-19wnsuc-indicatorContainer"
                            >
                              <svg
                                aria-hidden="true"
                                class="css-tj5bde-Svg"
                                focusable="false"
                                height="20"
                                viewBox="0 0 20 20"
                                width="20"
                              >
                                <path
                                  d="M4.516 7.548c0.436-0.446 1.043-0.481 1.576 0l3.908 3.747 3.908-3.747c0.533-0.481 1.141-0.446 1.574 0 0.436 0.445 0.408 1.197 0 1.615-0.406 0.418-4.695 4.502-4.695 4.502-0.217 0.223-0.502 0.335-0.787 0.335s-0.57-0.112-0.789-0.335c0 0-4.287-4.084-4.695-4.502s-0.436-1.17 0-1.615z"
                                />
                              </svg>
                            </div>
                          </div>
                        </div>
                      </div>
                    </div>
                  </div>
                </div>
              </div>
              <div
                class="content-tab-form-split"
              >
                <div
                  class="content-tab-form-left"
                >
                  <div
                    class="content-tab-title"
                  >
                    <h4>
                      Close caption*
                    </h4>
                  </div>
                  <div
                    class="headline-group"
                  >
                    <div
                      class="form-group"
                    >
                      <div
                        class="react-select-container css-b62m3t-container"
                      >
                        <span
                          class="css-1f43avz-a11yText-A11yText"
                          id="react-select-4-live-region"
                        />
                        <span
                          aria-atomic="false"
                          aria-live="polite"
                          aria-relevant="additions text"
                          class="css-1f43avz-a11yText-A11yText"
                          role="log"
                        />
                        <div
                          class="react-select__control css-rn6d2z-control"
                        >
                          <div
                            class="react-select__value-container react-select__value-container--is-multi css-1fdsijx-ValueContainer"
                          >
                            <div
                              class="react-select__placeholder css-1h3z2qk-placeholder"
                              id="react-select-4-placeholder"
                            >
                              Select Close Caption
                            </div>
                            <div
                              class="react-select__input-container css-qbdosj-Input"
                              data-value=""
                            >
                              <input
                                aria-activedescendant=""
                                aria-autocomplete="list"
                                aria-describedby="react-select-4-placeholder"
                                aria-expanded="false"
                                aria-haspopup="true"
                                autocapitalize="none"
                                autocomplete="off"
                                autocorrect="off"
                                class="react-select__input"
                                id="react-select-4-input"
                                role="combobox"
                                spellcheck="false"
                                style="opacity: 1; width: 100%; grid-area: 1 / 2; min-width: 2px; border: 0px; margin: 0px; outline: 0; padding: 0px;"
                                tabindex="0"
                                type="text"
                                value=""
                              />
                            </div>
                          </div>
                          <div
                            class="react-select__indicators css-1hb7zxy-IndicatorsContainer"
                          >
                            <span
                              class="react-select__indicator-separator css-1u9des2-indicatorSeparator"
                            />
                            <div
                              aria-hidden="true"
                              class="react-select__indicator react-select__dropdown-indicator css-19wnsuc-indicatorContainer"
                            >
                              <svg
                                aria-hidden="true"
                                class="css-tj5bde-Svg"
                                focusable="false"
                                height="20"
                                viewBox="0 0 20 20"
                                width="20"
                              >
                                <path
                                  d="M4.516 7.548c0.436-0.446 1.043-0.481 1.576 0l3.908 3.747 3.908-3.747c0.533-0.481 1.141-0.446 1.574 0 0.436 0.445 0.408 1.197 0 1.615-0.406 0.418-4.695 4.502-4.695 4.502-0.217 0.223-0.502 0.335-0.787 0.335s-0.57-0.112-0.789-0.335c0 0-4.287-4.084-4.695-4.502s-0.436-1.17 0-1.615z"
                                />
                              </svg>
                            </div>
                          </div>
                        </div>
                      </div>
                    </div>
                  </div>
                </div>
                <div
                  class="content-tab-form-left"
                >
                  <div
                    class="content-tab-title"
                  >
                    <h4>
                      Course category*
                    </h4>
                  </div>
                  <div
                    class="headline-group"
                  >
                    <div
                      class="form-group"
                    >
                      <div
                        class="react-select-container css-b62m3t-container"
                      >
                        <span
                          class="css-1f43avz-a11yText-A11yText"
                          id="react-select-5-live-region"
                        />
                        <span
                          aria-atomic="false"
                          aria-live="polite"
                          aria-relevant="additions text"
                          class="css-1f43avz-a11yText-A11yText"
                          role="log"
                        />
                        <div
                          class="react-select__control css-rn6d2z-control"
                        >
                          <div
                            class="react-select__value-container css-1fdsijx-ValueContainer"
                          >
                            <div
                              class="react-select__placeholder css-1h3z2qk-placeholder"
                              id="react-select-5-placeholder"
                            >
                              Select Category
                            </div>
                            <div
                              class="react-select__input-container css-qbdosj-Input"
                              data-value=""
                            >
                              <input
                                aria-activedescendant=""
                                aria-autocomplete="list"
                                aria-describedby="react-select-5-placeholder"
                                aria-expanded="false"
                                aria-haspopup="true"
                                autocapitalize="none"
                                autocomplete="off"
                                autocorrect="off"
                                class="react-select__input"
                                id="react-select-5-input"
                                role="combobox"
                                spellcheck="false"
                                style="opacity: 1; width: 100%; grid-area: 1 / 2; min-width: 2px; border: 0px; margin: 0px; outline: 0; padding: 0px;"
                                tabindex="0"
                                type="text"
                                value=""
                              />
                            </div>
                          </div>
                          <div
                            class="react-select__indicators css-1hb7zxy-IndicatorsContainer"
                          >
                            <span
                              class="react-select__indicator-separator css-1u9des2-indicatorSeparator"
                            />
                            <div
                              aria-hidden="true"
                              class="react-select__indicator react-select__dropdown-indicator css-19wnsuc-indicatorContainer"
                            >
                              <svg
                                aria-hidden="true"
                                class="css-tj5bde-Svg"
                                focusable="false"
                                height="20"
                                viewBox="0 0 20 20"
                                width="20"
                              >
                                <path
                                  d="M4.516 7.548c0.436-0.446 1.043-0.481 1.576 0l3.908 3.747 3.908-3.747c0.533-0.481 1.141-0.446 1.574 0 0.436 0.445 0.408 1.197 0 1.615-0.406 0.418-4.695 4.502-4.695 4.502-0.217 0.223-0.502 0.335-0.787 0.335s-0.57-0.112-0.789-0.335c0 0-4.287-4.084-4.695-4.502s-0.436-1.17 0-1.615z"
                                />
                              </svg>
                            </div>
                          </div>
                        </div>
                      </div>
                    </div>
                  </div>
                </div>
              </div>
            </div>
          </div>
        </div>
      </section>
      <div
        class="step-footer step-tab-pager"
      >
        <button
          class="btn btn-default steps_btn"
          data-direction="prev"
          style="display: none;"
        >
          PREVIOUS
        </button>
        <button
          class="btn btn-default steps_btn"
          data-direction="next"
        >
          Next
        </button>
      </div>
    </div>
  </div>
</div>
`;
