// Jest Snapshot v1, https://goo.gl/fbAQLP

exports[`Thanks renders the Thanks component 1`] = `
<div>
  <div
    class="Thanks-wrapper"
  >
    <div
      class="Thanks-row"
    >
      <div
        class="Thanks-col-md-12"
      >
        <div
          class="Thanks-cmtk_group"
        >
          <a
            href="/home"
          >
            <div
              class="Thanks-ct-logo"
            >
              <a
                href="index.html"
              >
                <img
                  alt=""
                  src="https://gambolthemes.net/html-items/cursus-new-demo/images/ct_logo.svg"
                />
              </a>
            </div>
          </a>
          <div
            class="Thanks-cmtk_dt"
          >
            <h1
              class="thnk_coming_title"
            >
              Thank You
            </h1>
            <h4
              class="thnk_title1"
            >
              Your Order is Confirmed!
            </h4>
            <p
              class="thnk_des"
            >
              Top Print Your Booking Order No.
              <span>
                 #ABE-ME-12345678
              </span>
               (Invoice) - 
              <a
                href="invoice.html"
              >
                Click Here
              </a>
            </p>
          </div>
          <div
            class="Thanks-tc_footer_main"
          >
            <div
              class="Thanks-tc_footer_left"
            >
              <ul>
                <li>
                  <a
                    href="about_us.html"
                  >
                    About
                  </a>
                </li>
                <li>
                  <a
                    href="press.html"
                  >
                    Press
                  </a>
                </li>
                <li>
                  <a
                    href="contact_us.html"
                  >
                    Contact Us
                  </a>
                </li>
                <li>
                  <a
                    href="coming_soon.html"
                  >
                    Advertise
                  </a>
                </li>
                <li>
                  <a
                    href="coming_soon.html"
                  >
                    Developers
                  </a>
                </li>
                <li>
                  <a
                    href="terms_of_use.html"
                  >
                    Copyright
                  </a>
                </li>
                <li>
                  <a
                    href="terms_of_use.html"
                  >
                    Privacy Policy
                  </a>
                </li>
                <li>
                  <a
                    href="terms_of_use.html"
                  >
                    Terms
                  </a>
                </li>
              </ul>
            </div>
            <div
              class="Thanks-tc_footer_right"
            >
              <p>
                Â© 2024 
                <strong>
                  Cursus
                </strong>
                . All Rights Reserved.
              </p>
            </div>
          </div>
        </div>
      </div>
    </div>
  </div>
</div>
`;
