// Jest Snapshot v1, https://goo.gl/fbAQLP

exports[`TermsOfUse renders the TermsOfUse component 1`] = `
<div>
  <header
    class="header1"
  >
    <a
      href="/home"
    >
      <button
        class="header-link1"
      >
        Back To Cursus
      </button>
    </a>
    <a
      href="/home"
    >
      <img
        alt=""
        class="header-group-icon"
        src="https://gambolthemes.net/html-items/cursus-new-demo/images/logo.svg"
      />
    </a>
    <img
      alt=""
      class="header-avatar"
      src="profile-img.jpg"
    />
  </header>
  <div
    class="Terms_Main"
  >
    <div
      class="Terms_Title"
    >
      <div
        class="Terms_Title_Conatiner"
      >
        <div
          class="Terms_Small_Title"
        >
          <div
            class="Terms_Small_Title_Left"
          >
            <a
              href="index.html"
            >
              HomeÂ 
            </a>
            <p>
              / Terms of Use
            </p>
          </div>
          <div
            class="Terms_Small_Title_Right"
          >
            <img
              alt=""
              class="search-icon"
              src="search.png"
            />
            <input
              placeholder="Search "
              type="text"
            />
          </div>
        </div>
        <div
          class="Terms_Big_Title"
        >
          <h2>
            Terms of Use
          </h2>
        </div>
      </div>
    </div>
    <div
      class="Terms_Body"
    >
      <div
        class="Terms_Body_Col_Left"
      >
        <div
          class="Terms_Body_Table"
        >
          <div
            class="Terms_Body_Table_Item"
          >
            <a
              class="Terms_Body_Table_Item_Detail active"
              href="#"
            >
              Terms of Use
            </a>
          </div>
          <div
            class="Terms_Body_Table_Item"
          >
            <a
              class="Terms_Body_Table_Item_Detail "
              href="#"
            >
              Privacy Policy
            </a>
          </div>
          <div
            class="Terms_Body_Table_Item"
          >
            <a
              class="Terms_Body_Table_Item_Detail "
              href="#"
            >
              Cookie Policy
            </a>
          </div>
          <div
            class="Terms_Body_Table_Item"
          >
            <a
              class="Terms_Body_Table_Item_Detail "
              href="#"
            >
              Copyright Policy
            </a>
          </div>
          <div
            class="Terms_Body_Table_Item"
          >
            <a
              class="Terms_Body_Table_Item_Detail "
              href="#"
            >
              Cursus API Agreement
            </a>
          </div>
          <div
            class="Terms_Body_Table_Item"
          >
            <a
              class="Terms_Body_Table_Item_Detail "
              href="#"
            >
              Instructor Terms
            </a>
          </div>
          <div
            class="Terms_Body_Table_Item"
          >
            <a
              class="Terms_Body_Table_Item_Detail "
              href="#"
            >
              Credits Program
            </a>
          </div>
          <div
            class="Terms_Body_Table_Item"
          >
            <a
              class="Terms_Body_Table_Item_Detail"
              href="#"
            >
              Pricing and Promotions Policy
            </a>
          </div>
        </div>
      </div>
      <div
        class="Terms_Body_Col_Right"
      >
        <div
          class="Terms_Body_Content Terms_Body_Summary"
        >
          <div
            class="Terms_Body_Summary_atlink"
          >
            These Terms of Use 
            <strong>
              ("Terms")
            </strong>
             were last updated on August 1, 2020.
          </div>
          <p>
            Lorem ipsum dolor sit amet, consectetur adipiscing elit. Curabitur volutpat maximus pellentesque. Integer sem enim, luctus at nibh at, condimentum sagittis sapien. Sed tempus ipsum erat, sit amet efficitur velit interdum eu. Vestibulum hendrerit id dolor eu scelerisque. Phasellus ex dui, consequat nec feugiat eu, dapibus eget ante. Sed sodales interdum dui, at euismod mi feugiat hendrerit. Suspendisse auctor libero in tempor mollis. Nulla et dolor velit. Aliquam sit amet luctus quam.
          </p>
          <p
            class="Terms_Body_Summary_mt_4"
          >
            Nam a egestas libero, eget eleifend turpis. Sed id ipsum a ipsum aliquam laoreet sit amet sit amet nibh. Proin dapibus, libero sed posuere rhoncus, orci mi cursus enim, at accumsan eros massa lacinia mi. Nunc eget finibus felis, volutpat malesuada sem. Aliquam ac nisl pellentesque, varius neque sit amet, porttitor nunc. Nullam elit tellus, dapibus non eleifend sed, hendrerit eget velit. Aliquam ut felis dictum, tincidunt magna vitae, aliquam massa. In porttitor tristique quam, non dignissim sapien pharetra ultrices. Cras non ante non velit mollis mollis. Pellentesque habitant morbi tristique senectus et netus et malesuada fames ac turpis egestas. Quisque et bibendum urna, eget consequat sapien. Integer sed condimentum nibh. Integer id neque tristique, lobortis massa ac, dapibus nibh. Donec nulla odio, porttitor ac rutrum eget, volutpat a velit. Curabitur et enim quis diam congue dictum et vitae dui. Nulla tortor orci, luctus a pretium vel, ultrices porta nisl.
          </p>
          <p
            class="Terms_Body_Summary_mt_4"
          >
            Etiam lobortis dictum tincidunt. Interdum et malesuada fames ac ante ipsum primis in faucibus. Suspendisse ultricies efficitur dui, suscipit tempus elit condimentum quis. Duis sed vestibulum tortor, eget cursus odio.
          </p>
        </div>
        <div
          class="Terms_Body_Content TBC35 TBC30"
        >
          <h4>
            Table of Contents
          </h4>
          <div
            class="Terms_Body_Content_Table"
          >
            <div
              class="Terms_Body_Content_Table_Item"
            >
              1.
              <a
                class="Terms_Body_Content_Table_Item_Detail"
                href="#"
              >
                Accounts
              </a>
            </div>
            <div
              class="Terms_Body_Content_Table_Item"
            >
              2.
              <a
                class="Terms_Body_Content_Table_Item_Detail"
                href="#"
              >
                Course Enrollment and Lifetime Access
              </a>
            </div>
            <div
              class="Terms_Body_Content_Table_Item"
            >
              3.
              <a
                class="Terms_Body_Content_Table_Item_Detail"
                href="#"
              >
                Payments, Credits, and Refunds
              </a>
            </div>
            <div
              class="Terms_Body_Content_Table_Item"
            >
              4.
              <a
                class="Terms_Body_Content_Table_Item_Detail"
                href="#"
              >
                Content and Behavior Rules
              </a>
            </div>
            <div
              class="Terms_Body_Content_Table_Item"
            >
              5.
              <a
                class="Terms_Body_Content_Table_Item_Detail"
                href="#"
              >
                Cursus's Rights to Content You Post
              </a>
            </div>
            <div
              class="Terms_Body_Content_Table_Item"
            >
              6.
              <a
                class="Terms_Body_Content_Table_Item_Detail"
                href="#"
              >
                Cursus's Rights
              </a>
            </div>
            <div
              class="Terms_Body_Content_Table_Item"
            >
              7.
              <a
                class="Terms_Body_Content_Table_Item_Detail"
                href="#"
              >
                How to Contact Us
              </a>
            </div>
          </div>
        </div>
        <div
          class="Terms_Body_Content TBC35 TBC30"
        >
          <h4>
            1. Accounts
          </h4>
          <p>
            Morbi lectus nunc, lacinia ut consequat a, semper vel erat. Duis ut lacus nec dui sodales mattis. Mauris tellus dolor, pulvinar sit amet pretium a, malesuada sed tellus. Aliquam ultrices elit neque, quis lacinia ex porttitor non. Donec ac iaculis turpis. Nulla lacinia enim quis orci aliquam, non cursus urna pellentesque. Class aptent taciti sociosqu ad litora torquent per conubia nostra, per inceptos himenaeos. Phasellus in mi a nisi auctor interdum. Vivamus faucibus magna sed elit interdum consequat. Vestibulum eu tortor vel ante feugiat faucibus quis et urna. Quisque interdum ac enim eu tempus. Fusce viverra, lectus egestas tincidunt cursus, tortor sapien convallis metus, vitae auctor risus metus vel nisi. Aenean dapibus bibendum mauris ut iaculis.
          </p>
        </div>
        <div
          class="Terms_Body_Content TBC35 TBC30"
        >
          <h4>
            2. Course Enrollment and Lifetime Access
          </h4>
          <p>
            Quisque et bibendum urna, eget consequat sapien. Integer sed condimentum nibh. Integer id neque tristique, lobortis massa ac, dapibus nibh. Donec nulla odio, porttitor ac rutrum eget, volutpat a velit. Curabitur et enim quis diam congue dictum et vitae dui. Nulla tortor orci, luctus a pretium vel, ultrices porta nisl.
          </p>
        </div>
        <div
          class="Terms_Body_Content TBC35 TBC30"
        >
          <h4>
            3. Payments, Credits, and Refunds
          </h4>
          <p>
            Morbi lectus nunc, lacinia ut consequat a, semper vel erat. Duis ut lacus nec dui sodales mattis. Mauris tellus dolor, pulvinar sit amet pretium a, malesuada sed tellus. Aliquam ultrices elit neque, quis lacinia ex porttitor non. Donec ac iaculis turpis. Nulla lacinia enim quis orci aliquam, non cursus urna pellentesque. Class aptent taciti sociosqu ad litora torquent per conubia nostra, per inceptos himenaeos. Phasellus in mi a nisi auctor interdum. Vivamus faucibus magna sed elit interdum consequat. Vestibulum eu tortor vel ante feugiat faucibus quis et urna. Quisque interdum ac enim eu tempus. Fusce viverra, lectus egestas tincidunt cursus, tortor sapien convallis metus, vitae auctor risus metus vel nisi. Aenean dapibus bibendum mauris ut iaculis.
          </p>
        </div>
        <div
          class="Terms_Body_Content TBC35 TBC30"
        >
          <h4>
            4. Content and Behavior Rules
          </h4>
          <p>
            Quisque et bibendum urna, eget consequat sapien. Integer sed condimentum nibh. Integer id neque tristique, lobortis massa ac, dapibus nibh. Donec nulla odio, porttitor ac rutrum eget, volutpat a velit. Curabitur et enim quis diam congue dictum et vitae dui. Nulla tortor orci, luctus a pretium vel, ultrices porta nisl.
          </p>
        </div>
        <div
          class="Terms_Body_Content TBC35 TBC30"
        >
          <h4>
            5. Cursus's Rights to Content You Post
          </h4>
          <p>
            Morbi lectus nunc, lacinia ut consequat a, semper vel erat. Duis ut lacus nec dui sodales mattis. Mauris tellus dolor, pulvinar sit amet pretium a, malesuada sed tellus. Aliquam ultrices elit neque, quis lacinia ex porttitor non. Donec ac iaculis turpis. Nulla lacinia enim quis orci aliquam, non cursus urna pellentesque. Class aptent taciti sociosqu ad litora torquent per conubia nostra, per inceptos himenaeos. Phasellus in mi a nisi auctor interdum. Vivamus faucibus magna sed elit interdum consequat. Vestibulum eu tortor vel ante feugiat faucibus quis et urna. Quisque interdum ac enim eu tempus. Fusce viverra, lectus egestas tincidunt cursus, tortor sapien convallis metus, vitae auctor risus metus vel nisi. Aenean dapibus bibendum mauris ut iaculis.
          </p>
        </div>
        <div
          class="Terms_Body_Content TBC35 TBC30"
        >
          <h4>
            6. Cursus's Rights
          </h4>
          <p>
            Quisque et bibendum urna, eget consequat sapien. Integer sed condimentum nibh. Integer id neque tristique, lobortis massa ac, dapibus nibh. Donec nulla odio, porttitor ac rutrum eget, volutpat a velit. Curabitur et enim quis diam congue dictum et vitae dui. Nulla tortor orci, luctus a pretium vel, ultrices porta nisl.
          </p>
        </div>
        <div
          class="Terms_Body_Content TBC35 TBC30"
        >
          <h4>
            7. How to Contact Us
          </h4>
          <p>
            Morbi lectus nunc, lacinia ut consequat a, semper vel erat. Duis ut lacus nec dui sodales mattis. Mauris tellus dolor, pulvinar sit amet pretium a, malesuada sed tellus. Aliquam ultrices elit neque, quis lacinia ex porttitor non. Donec ac iaculis turpis. Nulla lacinia enim quis orci aliquam, non cursus urna pellentesque. Class aptent taciti sociosqu ad litora torquent per conubia nostra, per inceptos himenaeos. Phasellus in mi a nisi auctor interdum. Vivamus faucibus magna sed elit interdum consequat. Vestibulum eu tortor vel ante feugiat faucibus quis et urna. Quisque interdum ac enim eu tempus. Fusce viverra, lectus egestas tincidunt cursus, tortor sapien convallis metus, vitae auctor risus metus vel nisi. Aenean dapibus bibendum mauris ut iaculis.
          </p>
        </div>
      </div>
    </div>
  </div>
  <footer
    class="footer footer-large-container"
  >
    <div
      class="footer-links"
    >
      <div
        class="footer-column"
      >
        <a
          class="link"
          href="/about-us"
        >
          About
        </a>
        <a
          class="link"
          href="/blog-single-view/:id"
        >
          Blog
        </a>
        <a
          class="link"
          href="/career"
        >
          Careers
        </a>
        <a
          class="link"
          href="/press"
        >
          Press
        </a>
      </div>
      <div
        class="footer-column"
      >
        <a
          class="link"
          href="/help"
        >
          Help
        </a>
        <a
          class="link"
          href="/coming-soon"
        >
          Advertise
        </a>
        <a
          class="link"
          href="/coming-soon"
        >
          Developers
        </a>
        <a
          class="link"
          href="/contactus"
        >
          Contact Us
        </a>
      </div>
      <div
        class="footer-column"
      >
        <a
          class="link"
          href="/termsofuse"
        >
          Copyright Policy
        </a>
        <a
          class="link"
          href="/termsofuse"
        >
          Terms
        </a>
        <a
          class="link"
          href="/termsofuse"
        >
          Privacy Policy
        </a>
        <a
          class="link"
          href="/sitemap"
        >
          Sitemap
        </a>
      </div>
      <div
        class="footer-column"
      >
        <button
          class="teach-button"
        >
          Teach on Cursus
        </button>
        <div
          class="language-selector"
        >
          <button>
            Language 
            <span>
              â¼
            </span>
          </button>
        </div>
      </div>
    </div>
    <div
      class="footer-bottom"
    >
      <div
        class="footer-copy"
      >
        <img
          alt=""
          src="https://gambolthemes.net/html-items/cursus-new-demo/images/logo1.svg"
        />
        Â© 2024 
        <strong>
          Cursus
        </strong>
        . All Rights Reserved.
      </div>
      <div
        class="footer-social"
      >
        <a
          href="/home"
        >
          <img
            alt=""
            class="social-icon"
            src="facebook.png"
          />
        </a>
        <a
          href="/home"
        >
          <img
            alt=""
            class="social-icon"
            src="x.png"
          />
        </a>
        <a
          href="/home"
        >
          <img
            alt=""
            class="social-icon"
            src="google+.png"
          />
        </a>
        <a
          href="/home"
        >
          <img
            alt=""
            class="social-icon"
            src="linkedin.png"
          />
        </a>
        <a
          href="/home"
        >
          <img
            alt=""
            class="social-icon"
            src="insta.png"
          />
        </a>
        <a
          href="/home"
        >
          <img
            alt=""
            class="social-icon"
            src="pinterest.png"
          />
        </a>
      </div>
    </div>
  </footer>
</div>
`;
