// Jest Snapshot v1, https://goo.gl/fbAQLP

exports[`BlogDetail renders the BlogDetail component 1`] = `<div />`;
