// Jest Snapshot v1, https://goo.gl/fbAQLP

exports[`NewestCourseDetailView renders the NewestCourseDetailView component 1`] = `
<div>
  <div>
    Course not found
  </div>
</div>
`;
