// Jest Snapshot v1, https://goo.gl/fbAQLP

exports[`OtherInstructorView renders the OtherInstructorView component 1`] = `<div />`;
