// Jest Snapshot v1, https://goo.gl/fbAQLP

exports[`HelpView1 renders the HelpView1 component 1`] = `
<div>
  <div
    class="HelpView1"
  >
    <header
      class="header1"
    >
      <a
        href="/home"
      >
        <button
          class="header-link1"
        >
          Back To Cursus
        </button>
      </a>
      <a
        href="/home"
      >
        <img
          alt=""
          class="header-group-icon"
          src="https://gambolthemes.net/html-items/cursus-new-demo/images/logo.svg"
        />
      </a>
      <img
        alt=""
        class="header-avatar"
        src="profile-img.jpg"
      />
    </header>
    <div
      class="HelpView1-grid-container"
    >
      <div
        class="HelpView-title125"
      >
        <div
          class="HelpView-titleleft"
        >
          <div
            class="HelpView-ttl121"
          >
            <nav
              aria-label="breadcrumb"
            >
              <ol
                class="HelpView-breadcrumb"
              >
                <li
                  class="HelpView-breadcrumb-item"
                >
                  <a
                    href="index.html"
                  >
                    Home
                  </a>
                </li>
                <li
                  aria-current="page"
                  class="HelpView-breadcrumb-item active"
                >
                  /Payment
                </li>
              </ol>
            </nav>
          </div>
        </div>
        <div
          class="explore-container"
        >
          <section
            class="search-box"
          >
            <img
              alt="Search Icon"
              class="search-icon"
              src="search.png"
            />
            <input
              placeholder="Search Tutors"
              type="text"
            />
          </section>
        </div>
      </div>
      <div
        class="HelpView-title126"
      >
        <h2>
          Promote Your Course With Coupons and Referral Links
        </h2>
      </div>
    </div>
    <div
      class="HelpView-grid-container"
    >
      <div
        class="HelpView-grid-item"
      >
        <div
          class="HelpView-fcrse_3 HelpView-frc123"
        >
          <div
            class="HelpView-cater_ttle"
          >
            <h4>
              Instructor Topics
            </h4>
          </div>
          <ul
            class="HelpView-allcate15"
          >
            <li>
              <a
                class="HelpView-ct_item"
                href="#"
              >
                <img
                  alt="Search Icon"
                  class="HelpView-icon"
                  src="payment.png"
                />
                Payments
              </a>
            </li>
            <li>
              <a
                class="HelpView-ct_item active"
                href="#"
              >
                <img
                  alt="Search Icon"
                  class="HelpView-icon"
                  src="tablerow.png"
                />
                Selling & Promotion
              </a>
            </li>
            <li>
              <a
                class="HelpView-ct_item"
                href="#"
              >
                <img
                  alt="Search Icon"
                  class="HelpView-icon"
                  src="helpdestop.png"
                />
                Quality Standards
              </a>
            </li>
            <li>
              <a
                class="HelpView-ct_item"
                href="#"
              >
                <img
                  alt="Search Icon"
                  class="HelpView-icon"
                  src="ruler-help.png"
                />
                Course Building
              </a>
            </li>
            <li>
              <a
                class="HelpView-ct_item"
                href="#"
              >
                <img
                  alt="Search Icon"
                  class="HelpView-icon"
                  src="trade.png"
                />
                Course Management
              </a>
            </li>
            <li>
              <a
                class="HelpView-ct_item"
                href="#"
              >
                <img
                  alt="Search Icon"
                  class="HelpView-icon"
                  src="book-help.png"
                />
                Trust & Safety
              </a>
            </li>
          </ul>
        </div>
        <div
          class="HelpView-fcrse_3"
        >
          <div
            class="HelpView-cater_ttle"
          >
            <h4>
              Related Articles
            </h4>
          </div>
          <ul
            class="HelpView-allcate15"
          >
            <li>
              <a
                class="HelpView-ct_item"
                href="#"
              >
                Instructor Revenue Share
              </a>
            </li>
            <li>
              <a
                class="HelpView-ct_item"
                href="#"
              >
                Coupons & Course Referral Links: Rules and Guidelines
              </a>
            </li>
            <li>
              <a
                class="HelpView-ct_item"
                href="#"
              >
                Rules and Guidelines
              </a>
            </li>
            <li>
              <a
                class="HelpView-ct_item"
                href="#"
              >
                Instructor Promotional Agreements and Cursus Deals
              </a>
            </li>
            <li>
              <a
                class="HelpView-ct_item"
                href="#"
              >
                Cursus Coupons: FAQ
              </a>
            </li>
            <li>
              <a
                class="HelpView-ct_item"
                href="#"
              >
                How to Select Your Payout Method And Become a Premium Instructor
              </a>
            </li>
          </ul>
        </div>
        <a
          class="HelpView-rqst152"
          href="#"
        >
          Submit A Request
        </a>
      </div>
      <div
        class="HelpView-grid-item"
      >
        <div
          class="HelpView-vew120 HelpView-frc123"
        >
          <p>
            Lorem ipsum dolor sit amet, consectetur adipiscing elit. Curabitur volutpat maximus pellentesque. Integer sem enim, luctus at nibh at, condimentum sagittis sapien. Sed tempus ipsum erat, sit amet efficitur velit interdum eu. Vestibulum hendrerit id dolor eu scelerisque. Phasellus ex dui, consequat nec feugiat eu, dapibus eget ante. Sed sodales interdum dui, at euismod mi feugiat hendrerit. Suspendisse auctor libero in tempor mollis. Nulla et dolor velit. Aliquam sit amet luctus quam.
          </p>
        </div>
        <div
          class="HelpView-vew120 mt-35 mb-30"
        >
          <h4>
            Course referral links
          </h4>
          <p>
            Nam a egestas libero, eget eleifend turpis. Sed id ipsum a ipsum aliquam laoreet sit amet sit amet nibh. Proin dapibus, libero sed posuere rhoncus, orci mi cursus enim, at accumsan eros massa lacinia mi. Nunc eget finibus felis, volutpat malesuada sem. Aliquam ac nisl pellentesque, varius neque sit amet, porttitor nunc. Nullam elit tellus, dapibus non eleifend sed, hendrerit eget velit. Aliquam ut felis dictum, tincidunt magna vitae, aliquam massa. In porttitor tristique quam, non dignissim sapien pharetra ultrices. Cras non ante non velit mollis mollis. Pellentesque habitant morbi tristique senectus et netus et malesuada fames ac turpis egestas. Quisque et bibendum urna, eget consequat sapien. Integer sed condimentum nibh. Integer id neque tristique, lobortis massa ac, dapibus nibh. Donec nulla odio, porttitor ac rutrum eget, volutpat a velit. Curabitur et enim quis diam congue dictum et vitae dui. Nulla tortor orci, luctus a pretium vel, ultrices porta nisl.
          </p>
          <p
            class="mt-4"
          >
            Etiam lobortis dictum tincidunt. Interdum et malesuada fames ac ante ipsum primis in faucibus. Suspendisse ultricies efficitur dui, suscipit tempus elit condimentum quis. Duis sed vestibulum tortor, eget cursus odio.
          </p>
        </div>
        <div
          class="HelpView-vew120 mt-35 mb-30"
        >
          <h4>
            How to create a coupon
          </h4>
          <ol
            class="HelpView-ntt125 mtl145"
          >
            <li>
              <p>
                Navigate to the 
                <strong>
                  course Promotions page
                </strong>
              </p>
            </li>
            <li>
              <p>
                Click 
                <strong>
                  Create new coupon
                </strong>
              </p>
            </li>
            <li>
              <p>
                <strong>
                  Select the coupon type
                </strong>
              </p>
            </li>
            <li>
              <p>
                If applicable, choose your coupon price
              </p>
            </li>
            <li>
              <p>
                Edit the coupon code if you wish (the coupon code must be between 6 and 20 characters, and can only contain alphanumeric characters (A-Z, 0-9) , periods ("."), dashes ("-") or underscores ("_").
              </p>
            </li>
            <li>
              <p>
                Click 
                <strong>
                  Review coupon
                </strong>
                 to double check the couponâ€™s details
              </p>
            </li>
            <li>
              <p>
                Click 
                <strong>
                  Create coupon
                </strong>
              </p>
            </li>
          </ol>
        </div>
        <div
          class="HelpView-vew120 mt-35 mb-30"
        >
          <h4>
            How to share your coupon code
          </h4>
          <p>
            Morbi lectus nunc, lacinia ut consequat a, semper vel erat. Duis ut lacus nec dui sodales mattis. Mauris tellus dolor, pulvinar sit amet pretium a, malesuada sed tellus. Aliquam ultrices elit neque, quis lacinia ex porttitor non. Donec ac iaculis turpis. Nulla lacinia enim quis orci aliquam, non cursus urna pellentesque. Class aptent taciti sociosqu ad litora torquent per conubia nostra, per inceptos himenaeos. Phasellus in mi a nisi auctor interdum. Vivamus faucibus magna sed elit interdum consequat. Vestibulum eu tortor vel ante feugiat faucibus quis et urna. Quisque interdum ac enim eu tempus. Fusce viverra, lectus egestas tincidunt cursus, tortor sapien convallis metus, vitae auctor risus metus vel nisi. Aenean dapibus bibendum mauris ut iaculis.
          </p>
        </div>
        <div
          class="HelpView-vew120 mt-35 mb-30"
        >
          <h4>
            How to deactivate a coupon
          </h4>
          <p>
            Quisque et bibendum urna, eget consequat sapien. Integer sed condimentum nibh. Integer id neque tristique, lobortis massa ac, dapibus nibh. Donec nulla odio, porttitor ac rutrum eget, volutpat a velit. Curabitur et enim quis diam congue dictum et vitae dui. Nulla tortor orci, luctus a pretium vel, ultrices porta nisl.
          </p>
        </div>
        <div
          class="HelpView-rpt100 mt-35 mb-20"
        >
          <span>
            Was this review helpful?
          </span>
          <div
            class="HelpView-radio--group-inline-container"
          >
            <div
              class="HelpView-radio-item"
            >
              <input
                id="radio-1"
                name="radio"
                type="radio"
              />
              <label
                class="HelpView-radio-label"
                for="radio-1"
              >
                Yes
              </label>
            </div>
            <div
              class="HelpView-radio-item"
            >
              <input
                id="radio-2"
                name="radio"
                type="radio"
              />
              <label
                class="HelpView-radio-label"
                for="radio-2"
              >
                No
              </label>
            </div>
          </div>
        </div>
      </div>
    </div>
    <footer
      class="footer footer-large-container"
    >
      <div
        class="footer-links"
      >
        <div
          class="footer-column"
        >
          <a
            class="link"
            href="/about-us"
          >
            About
          </a>
          <a
            class="link"
            href="/blog-single-view/:id"
          >
            Blog
          </a>
          <a
            class="link"
            href="/career"
          >
            Careers
          </a>
          <a
            class="link"
            href="/press"
          >
            Press
          </a>
        </div>
        <div
          class="footer-column"
        >
          <a
            class="link"
            href="/help"
          >
            Help
          </a>
          <a
            class="link"
            href="/coming-soon"
          >
            Advertise
          </a>
          <a
            class="link"
            href="/coming-soon"
          >
            Developers
          </a>
          <a
            class="link"
            href="/contactus"
          >
            Contact Us
          </a>
        </div>
        <div
          class="footer-column"
        >
          <a
            class="link"
            href="/termsofuse"
          >
            Copyright Policy
          </a>
          <a
            class="link"
            href="/termsofuse"
          >
            Terms
          </a>
          <a
            class="link"
            href="/termsofuse"
          >
            Privacy Policy
          </a>
          <a
            class="link"
            href="/sitemap"
          >
            Sitemap
          </a>
        </div>
        <div
          class="footer-column"
        >
          <button
            class="teach-button"
          >
            Teach on Cursus
          </button>
          <div
            class="language-selector"
          >
            <button>
              Language 
              <span>
                â–¼
              </span>
            </button>
          </div>
        </div>
      </div>
      <div
        class="footer-bottom"
      >
        <div
          class="footer-copy"
        >
          <img
            alt=""
            src="https://gambolthemes.net/html-items/cursus-new-demo/images/logo1.svg"
          />
          Â© 2024 
          <strong>
            Cursus
          </strong>
          . All Rights Reserved.
        </div>
        <div
          class="footer-social"
        >
          <a
            href="/home"
          >
            <img
              alt=""
              class="social-icon"
              src="facebook.png"
            />
          </a>
          <a
            href="/home"
          >
            <img
              alt=""
              class="social-icon"
              src="x.png"
            />
          </a>
          <a
            href="/home"
          >
            <img
              alt=""
              class="social-icon"
              src="google+.png"
            />
          </a>
          <a
            href="/home"
          >
            <img
              alt=""
              class="social-icon"
              src="linkedin.png"
            />
          </a>
          <a
            href="/home"
          >
            <img
              alt=""
              class="social-icon"
              src="insta.png"
            />
          </a>
          <a
            href="/home"
          >
            <img
              alt=""
              class="social-icon"
              src="pinterest.png"
            />
          </a>
        </div>
      </div>
    </footer>
  </div>
</div>
`;
