// Jest Snapshot v1, https://goo.gl/fbAQLP

exports[`Credit renders the Credit component 1`] = `
<div>
  <main
    class="credit"
  >
    <div
      class="credit-wrapper"
    >
      <div
        class="credit-title"
      >
        <div
          class="credit-label"
        >
          <div
            class="credit-icon"
          >
            <svg
              class="credit-wallet-icon"
              fill="none"
              height="1em"
              stroke="currentColor"
              stroke-linecap="round"
              stroke-linejoin="round"
              stroke-width="2"
              viewBox="0 0 24 24"
              width="1em"
              xmlns="http://www.w3.org/2000/svg"
            >
              <path
                d="M21 12V7H5a2 2 0 0 1 0-4h14v4"
              />
              <path
                d="M3 5v14a2 2 0 0 0 2 2h16v-5"
              />
              <path
                d="M18 12a2 2 0 0 0 0 4h4v-4Z"
              />
            </svg>
          </div>
          <h3
            class="credit-credit"
          >
            Credits
          </h3>
        </div>
      </div>
      <div
        class="credit-parent"
      >
        <div
          class="credit-next-account-parent"
        >
          <div
            class="credit-next-wrapper"
          >
            <div
              class="credit-label-wrapper"
            >
              <div
                class="credit-label"
              >
                Added Credits
              </div>
            </div>
            <div
              class="credit-via-wrapper"
            >
              <div
                class="credit-coin"
              >
                $100
              </div>
              <div
                class="credit-via"
              >
                via Mastercard
              </div>
            </div>
            <div
              class="credit-day-wrapper"
            >
              <div
                class="credit-day"
              >
                Your credits will be using on 
                <span>
                  purchase courses
                </span>
              </div>
            </div>
          </div>
          <div
            class="credit-account-wrapper"
          >
            <div
              class="credit-label-wrapper"
            >
              <div
                class="credit-label"
              >
                Saved Cards
              </div>
            </div>
            <div
              class="credit-added-wrapper"
            >
              <img
                alt=""
                class="credit-image"
                src="https://gambolthemes.net/html-items/cursus-new-demo/images/Mastercard.svg"
              />
              <div
                class="credit-added"
              >
                Added: 
                <span>
                  25 Mar 2020
                </span>
              </div>
            </div>
            <div
              class="credit-button-wrapper"
            >
              <a
                href="/"
              >
                <button
                  class="credit-button"
                >
                  Change Card
                </button>
              </a>
            </div>
          </div>
        </div>
        <div
          class="credit-table-parent"
        >
          <div
            class="credit-add-credit"
          >
            <div
              class="credit-label-wrapper"
            >
              <div
                class="credit-label"
              >
                Add Credit Balance
              </div>
            </div>
            <div
              class="credit-input-parent"
            >
              <div
                class="credit-add-balance"
              >
                <label
                  for="addbalance"
                >
                  Add Balance
                </label>
                <div
                  class="credit-icon-input"
                >
                  <button
                    class="credit-button-dollar"
                  >
                    <svg
                      class="credit-icon-dollar"
                      fill="currentColor"
                      height="1em"
                      stroke="currentColor"
                      stroke-width="0"
                      viewBox="0 0 256 256"
                      width="1em"
                      xmlns="http://www.w3.org/2000/svg"
                    >
                      <path
                        d="M152,122H134V54h10a34,34,0,0,1,34,34,6,6,0,0,0,12,0,46.06,46.06,0,0,0-46-46H134V24a6,6,0,0,0-12,0V42H112a46,46,0,0,0,0,92h10v68H104a34,34,0,0,1-34-34,6,6,0,0,0-12,0,46.06,46.06,0,0,0,46,46h18v18a6,6,0,0,0,12,0V214h18a46,46,0,0,0,0-92Zm-40,0a34,34,0,0,1,0-68h10v68Zm40,80H134V134h18a34,34,0,0,1,0,68Z"
                      />
                    </svg>
                  </button>
                  <input
                    class="credit-input"
                    id="addbalance"
                    name="addbalance"
                    placeholder="0"
                    type="text"
                  />
                </div>
              </div>
              <div
                class="credit-holder-card"
              >
                <div
                  class="credit-label-input"
                >
                  <label
                    for="holdername"
                  >
                    Holder Name
                  </label>
                  <input
                    id="holdername"
                    name="holdername"
                    placeholder="Enter Holder Name"
                    type="text"
                  />
                </div>
                <div
                  class="credit-label-input"
                >
                  <label
                    for="cardnumber"
                  >
                    Card Number
                  </label>
                  <input
                    id="cardname"
                    name="cardname"
                    placeholder="Card #"
                    type="text"
                  />
                </div>
              </div>
              <div
                class="credit-expiration-parent"
              >
                <div
                  class="credit-label-select"
                >
                  <label
                    for=""
                  >
                    Expiration Month
                  </label>
                  <div
                    class="ant-select ant-select-outlined credit-select-month css-dev-only-do-not-override-f7vrd6 ant-select-single ant-select-show-arrow"
                    style="color: lightgray;"
                  >
                    <div
                      class="ant-select-selector"
                    >
                      <span
                        class="ant-select-selection-search"
                      >
                        <input
                          aria-autocomplete="list"
                          aria-controls="rc_select_TEST_OR_SSR_list"
                          aria-expanded="false"
                          aria-haspopup="listbox"
                          aria-owns="rc_select_TEST_OR_SSR_list"
                          autocomplete="off"
                          class="ant-select-selection-search-input"
                          id="rc_select_TEST_OR_SSR"
                          readonly=""
                          role="combobox"
                          style="opacity: 0;"
                          type="search"
                          unselectable="on"
                          value=""
                        />
                      </span>
                      <span
                        class="ant-select-selection-placeholder"
                      >
                        Month
                      </span>
                    </div>
                    <span
                      aria-hidden="true"
                      class="ant-select-arrow"
                      style="user-select: none;"
                      unselectable="on"
                    >
                      <span
                        aria-label="down"
                        class="anticon anticon-down ant-select-suffix"
                        role="img"
                      >
                        <svg
                          aria-hidden="true"
                          data-icon="down"
                          fill="currentColor"
                          focusable="false"
                          height="1em"
                          viewBox="64 64 896 896"
                          width="1em"
                        >
                          <path
                            d="M884 256h-75c-5.1 0-9.9 2.5-12.9 6.6L512 654.2 227.9 262.6c-3-4.1-7.8-6.6-12.9-6.6h-75c-6.5 0-10.3 7.4-6.5 12.7l352.6 486.1c12.8 17.6 39 17.6 51.7 0l352.6-486.1c3.9-5.3.1-12.7-6.4-12.7z"
                          />
                        </svg>
                      </span>
                    </span>
                  </div>
                </div>
                <div
                  class="credit-label-input"
                >
                  <label
                    for="year"
                  >
                    Expiration Year
                  </label>
                  <input
                    id="year"
                    name="year"
                    placeholder="Year"
                    type="text"
                  />
                </div>
                <div
                  class="credit-label-input"
                >
                  <label
                    for="cvc"
                  >
                    Expiration Year
                  </label>
                  <input
                    id="cvc"
                    name="cvc"
                    placeholder="CVC"
                    type="text"
                  />
                </div>
              </div>
              <div
                class="credit-button-wrappers"
              >
                <button
                  class="credit-add-credit-button"
                  type="submit"
                >
                  Add Credit
                </button>
              </div>
            </div>
          </div>
          <div
            class="credit-table"
          >
            <table>
              <thead>
                <tr>
                  <th>
                    Amount
                  </th>
                  <th>
                    Payout Method
                  </th>
                  <th>
                    Date Processed
                  </th>
                </tr>
              </thead>
              <tbody />
            </table>
          </div>
        </div>
      </div>
    </div>
  </main>
</div>
`;
