// Jest Snapshot v1, https://goo.gl/fbAQLP

exports[`ForgotPassword renders the ForgotPassword component 1`] = `
<div>
  <div
    class="reset-container"
  >
    <div
      class="reset-logo-container"
    >
      <a
        href="/home"
      >
        <img
          alt="Cursus Logo"
          class="reset-logo"
          src="https://gambolthemes.net/html-items/cursus-new-demo/images/logo.svg"
        />
         
      </a>
    </div>
    <div
      class="reset-form-container"
    >
      <h2>
        Request a Password Reset
      </h2>
      <div
        class="reset-input-wrapper"
      >
        <img
          alt="Email"
          class="reset-input-icon"
          src="email.png"
        />
        <input
          class="reset-input-field"
          placeholder="Email Address"
          type="email"
        />
      </div>
      <button
        class="reset-btn reset-password"
      >
        Reset Password
      </button>
      <div
        class="back-to-login"
      >
        <p>
          Go Back
        </p>
        <a
          class="sign-in-link"
          href="/sign-in"
        >
          Sign In
        </a>
      </div>
    </div>
    <div
      class="form-footer"
    >
      <img
        alt=""
        class="footer-logo"
        src="https://gambolthemes.net/html-items/cursus-new-demo/images/sign_logo.png"
      />
      <span>
        © 2024 
        <strong>
          Cursus
        </strong>
        . All Rights Reserved.
      </span>
    </div>
  </div>
</div>
`;

exports[`ForgotPassword renders the ReportHistory component 1`] = `
<div>
  <div
    class="reset-container"
  >
    <div
      class="reset-logo-container"
    >
      <a
        href="/home"
      >
        <img
          alt="Cursus Logo"
          class="reset-logo"
          src="https://gambolthemes.net/html-items/cursus-new-demo/images/logo.svg"
        />
         
      </a>
    </div>
    <div
      class="reset-form-container"
    >
      <h2>
        Request a Password Reset
      </h2>
      <div
        class="reset-input-wrapper"
      >
        <img
          alt="Email"
          class="reset-input-icon"
          src="email.png"
        />
        <input
          class="reset-input-field"
          placeholder="Email Address"
          type="email"
        />
      </div>
      <button
        class="reset-btn reset-password"
      >
        Reset Password
      </button>
      <div
        class="back-to-login"
      >
        <p>
          Go Back
        </p>
        <a
          class="sign-in-link"
          href="/sign-in"
        >
          Sign In
        </a>
      </div>
    </div>
    <div
      class="form-footer"
    >
      <img
        alt=""
        class="footer-logo"
        src="https://gambolthemes.net/html-items/cursus-new-demo/images/sign_logo.png"
      />
      <span>
        © 2024 
        <strong>
          Cursus
        </strong>
        . All Rights Reserved.
      </span>
    </div>
  </div>
</div>
`;
