// Jest Snapshot v1, https://goo.gl/fbAQLP

exports[`MyInstructorProfile renders the MyInstructorProfile component 1`] = `
<div>
  <div>
    <div
      class="other_instructor_view-wrapper"
    >
      <div
        class="card"
      >
        <div
          class="other_instructor_view-container"
        >
          <div
            class="other_instructor_view-row"
          >
            <div
              class="other_instructor_view-col-md-12"
            >
              <div
                class="other_instructor_view-section"
              >
                <div
                  class="other_instructor_view-row2"
                >
                  <div
                    class="other_instructor_view-col-lg-6"
                  >
                    <div
                      class="other_instructor_view-avatar"
                    >
                      <div
                        class="other_instructor_view-img"
                      >
                        <img
                          alt=""
                          src="profile-img.jpg"
                        />
                      </div>
                      <div
                        class="other_instructor_view-name-career"
                      >
                        <h2>
                          Joginder Signh
                        </h2>
                        <span>
                          Web Developer, Designer, and Teacher
                        </span>
                      </div>
                    </div>
                    <ul
                      class="other_instructor_view-more_info"
                    >
                      <li>
                        <div
                          class="other_instructor_view-enroll_label_more_info"
                        >
                          <div
                            class="other_instructor_view-label"
                          >
                            Enroll Students
                          </div>
                          <div
                            class="other_instructor_view-number"
                          >
                            612K
                          </div>
                        </div>
                      </li>
                      <li>
                        <div
                          class="other_instructor_view-enroll_label_more_info"
                        >
                          <div
                            class="other_instructor_view-label"
                          >
                            Courses
                          </div>
                          <div
                            class="other_instructor_view-number"
                          >
                            8
                          </div>
                        </div>
                      </li>
                      <li>
                        <div
                          class="other_instructor_view-enroll_label_more_info"
                        >
                          <div
                            class="other_instructor_view-label"
                          >
                            Reviews
                          </div>
                          <div
                            class="other_instructor_view-number"
                          >
                            115K
                          </div>
                        </div>
                      </li>
                      <li>
                        <div
                          class="other_instructor_view-enroll_label_more_info"
                        >
                          <div
                            class="other_instructor_view-label"
                          >
                            Subscribers
                          </div>
                          <div
                            class="other_instructor_view-number"
                          >
                            452K
                          </div>
                        </div>
                      </li>
                    </ul>
                  </div>
                  <div
                    class="other_instructor_view-col-lg-5"
                  >
                    <a
                      class="other_instructor_view-report_profile"
                      href="#"
                    >
                      <span>
                        <i
                          class="uil uil-windsock"
                        />
                      </span>
                      Setting
                    </a>
                    <div
                      class="other_instructor_view-social"
                    >
                      <ul
                        class="social-icons"
                      >
                        <a
                          class="oiv-fb"
                          href="#"
                        >
                          <img
                            src="facebook.png"
                          />
                        </a>
                        <a
                          class="oiv-x"
                          href="#"
                        >
                          <img
                            src="x.png"
                          />
                        </a>
                        <a
                          class="oiv-ln"
                          href="#"
                        >
                          <img
                            src="linkedin.png"
                          />
                        </a>
                        <a
                          class="oiv-yt"
                          href="#"
                        >
                          <img
                            src="youtube.png"
                          />
                        </a>
                      </ul>
                    </div>
                    <ul
                      class="other_instructor_view-subcrise"
                    >
                      <button
                        class="subscribe-btn btn500"
                      >
                        Cursus Studio
                      </button>
                      <button
                        class="msg125 btn500"
                      >
                        Edit
                      </button>
                    </ul>
                  </div>
                </div>
              </div>
            </div>
          </div>
        </div>
      </div>
      <div
        class="other_instructor_view-navigation"
      >
        <div
          class="other_instructor_view-container"
        >
          <div
            class="other_instructor_view-row"
          >
            <div
              class="other_instructor_view-col-lg-12"
            >
              <div
                class="other_instructor_view-course_tabs"
              >
                <nav>
                  <div
                    class="other_instructor_view-nav"
                  >
                    <div
                      class="tab active"
                    >
                      <div
                        class="oiv-nav-about"
                      >
                        About
                      </div>
                    </div>
                    <div
                      class="tab "
                    >
                      <div
                        class="oiv-nav-courses"
                      >
                        Courses
                      </div>
                    </div>
                    <div
                      class="tab "
                    >
                      <div
                        class="oiv-nav-courses"
                      >
                        Purchased
                      </div>
                    </div>
                    <div
                      class="tab "
                    >
                      <div
                        class="oiv-nav-discussion"
                      >
                        Discussion
                      </div>
                    </div>
                    <div
                      class="tab "
                    >
                      <div
                        class="oiv-nav-courses"
                      >
                        Subscriptions
                      </div>
                    </div>
                  </div>
                  <div
                    class="about-tab"
                  >
                    <div
                      class="tab-pane fade show active"
                    >
                      <div
                        class="other_instructor_view-about_me"
                      >
                        <div
                          class="label-about"
                        >
                          <h3>
                            About Me
                          </h3>
                          <p>
                            Lorem ipsum dolor sit amet, consectetur adipiscing elit. Vestibulum scelerisque nibh sed ligula blandit, quis faucibus lorem pellentesque. Suspendisse pulvinar dictum pellentesque. Vestibulum at sagittis lectus, sit amet aliquam turpis. In quis elit tempus, semper justo vitae, lacinia massa. Etiam sagittis quam quis fermentum lacinia. Curabitur blandit sapien et risus congue viverra. Mauris auctor risus sit amet cursus sollicitudin. Lorem ipsum dolor sit amet, consectetur adipiscing elit. Nulla feugiat sodales massa, in viverra dolor condimentum ut. In imperdiet, justo nec volutpat blandit, tellus justo tempor quam, sed pretium nibh nunc nec mauris. Mauris vel malesuada magna. Quisque iaculis molestie purus, non luctus mauris porta id. Maecenas imperdiet tincidunt mauris vestibulum vulputate. Aenean sollicitudin pretium nibh, et sagittis risus tincidunt ac. Phasellus scelerisque rhoncus massa, ac euismod massa pharetra non. Phasellus dignissim, urna in iaculis varius, turpis libero mollis velit, sit amet euismod arcu mi ac nibh. Praesent tincidunt eros at ligula pellentesque elementum. Fusce condimentum enim a tellus egestas, sit amet rutrum elit gravida. Pellentesque in porta sapien. Fusce tristique maximus ipsum et mollis. Sed at massa ac est dapibus vulputate at eu nibh.
                          </p>
                        </div>
                      </div>
                    </div>
                  </div>
                </nav>
              </div>
            </div>
          </div>
        </div>
      </div>
    </div>
  </div>
</div>
`;
