// Jest Snapshot v1, https://goo.gl/fbAQLP

exports[`Blog renders the Blog component 1`] = `
<div>
  <div
    class="blog"
  >
    <header
      class="header"
    >
      <a
        href="/home"
      >
        <button
          class="header-link1"
        >
          Back To Cursus
        </button>
      </a>
      <a
        href="/home"
      >
        <img
          alt=""
          class="header-group-icon"
          src="https://gambolthemes.net/html-items/cursus-new-demo/images/logo.svg"
        />
      </a>
      <div
        class="profile"
      >
        <img
          alt=""
          class="header-avatar"
          src="profile-img.jpg"
        />
      </div>
    </header>
    <main
      class="blog-inner"
    >
      <div
        class="blog-frame-parent"
      >
        <div
          class="blog-background"
        >
          <div
            class="blog-navigation-links-parent"
          >
            <div
              class="blog-navigation-links"
            >
              <a
                class="blog-about"
                href="/about-us"
              >
                About
              </a>
            </div>
            <div
              class="blog-navigation-links-1"
            >
              <a
                class="blog-blog"
                href="/our-blog"
              >
                Blog
              </a>
            </div>
            <div
              class="blog-navigation-links-2"
            >
              <a
                class="blog-company"
                href="/company-details"
              >
                Company
              </a>
            </div>
            <div
              class="blog-navigation-links-3"
            >
              <a
                class="blog-careers"
                href="/career"
              >
                Careers
              </a>
            </div>
            <div
              class="blog-navigation-links-4"
            >
              <a
                class="blog-press"
                href="/press"
              >
                Press
              </a>
            </div>
          </div>
          <div
            class="blog-heading-2-wrapper"
          >
            <h2
              class="blog-heading-2"
            >
              Insights, ideas, and stories
            </h2>
          </div>
        </div>
        <div
          class="blog-background-main"
        >
          <div
            class="blog-backgroundBorder-parent"
          >
            <form
              class="blog-backgroundBorder"
            >
              <div
                class="blog-item"
              >
                <div
                  class="blog-input"
                >
                  <button
                    class="blog-button-search"
                  >
                    <svg
                      class="blog-icon-search"
                      fill="currentColor"
                      height="1em"
                      stroke="currentColor"
                      stroke-width="0"
                      viewBox="0 0 1024 1024"
                      width="1em"
                      xmlns="http://www.w3.org/2000/svg"
                    >
                      <path
                        d="M909.6 854.5L649.9 594.8C690.2 542.7 712 479 712 412c0-80.2-31.3-155.4-87.9-212.1-56.6-56.7-132-87.9-212.1-87.9s-155.5 31.3-212.1 87.9C143.2 256.5 112 331.8 112 412c0 80.1 31.3 155.5 87.9 212.1C256.5 680.8 331.8 712 412 712c67 0 130.6-21.8 182.7-62l259.7 259.6a8.2 8.2 0 0 0 11.6 0l43.6-43.5a8.2 8.2 0 0 0 0-11.6zM570.4 570.4C528 612.7 471.8 636 412 636s-116-23.3-158.4-65.6C211.3 528 188 471.8 188 412s23.3-116.1 65.6-158.4C296 211.3 352.2 188 412 188s116.1 23.2 158.4 65.6S636 352.2 636 412s-23.3 116.1-65.6 158.4z"
                      />
                    </svg>
                  </button>
                  <input
                    class="blog-input-child"
                    placeholder="Search"
                    type="text"
                  />
                </div>
              </div>
              <div
                class="blog-filter-item"
              >
                <div
                  class="blog-item-1"
                >
                  <div
                    class="blog-filter-dropdown"
                  >
                    <div
                      class="blog-filter-content"
                    >
                      <div
                        class="blog-labels"
                      >
                        Labels
                      </div>
                      <div
                        class="blog-symbol"
                      >
                        
                      </div>
                    </div>
                  </div>
                  <div
                    class="blog-filter-dropdown-1"
                  >
                    <div
                      class="blog-filter-content"
                    >
                      <div
                        class="blog-labels"
                      >
                        Archive
                      </div>
                      <div
                        class="blog-symbol"
                      >
                        
                      </div>
                    </div>
                  </div>
                </div>
                <div
                  class="blog-item-2"
                >
                  <button
                    class="blog-button-1"
                  >
                    <svg
                      class="blog-icon-twitter"
                      fill="currentColor"
                      height="1em"
                      stroke="currentColor"
                      stroke-width="0"
                      viewBox="0 0 512 512"
                      width="1em"
                      xmlns="http://www.w3.org/2000/svg"
                    >
                      <path
                        d="M459.37 151.716c.325 4.548.325 9.097.325 13.645 0 138.72-105.583 298.558-298.558 298.558-59.452 0-114.68-17.219-161.137-47.106 8.447.974 16.568 1.299 25.34 1.299 49.055 0 94.213-16.568 130.274-44.832-46.132-.975-84.792-31.188-98.112-72.772 6.498.974 12.995 1.624 19.818 1.624 9.421 0 18.843-1.3 27.614-3.573-48.081-9.747-84.143-51.98-84.143-102.985v-1.299c13.969 7.797 30.214 12.67 47.431 13.319-28.264-18.843-46.781-51.005-46.781-87.391 0-19.492 5.197-37.36 14.294-52.954 51.655 63.675 129.3 105.258 216.365 109.807-1.624-7.797-2.599-15.918-2.599-24.04 0-57.828 46.782-104.934 104.934-104.934 30.213 0 57.502 12.67 76.67 33.137 23.715-4.548 46.456-13.32 66.599-25.34-7.798 24.366-24.366 44.833-46.132 57.827 21.117-2.273 41.584-8.122 60.426-16.243-14.292 20.791-32.161 39.308-52.628 54.253z"
                      />
                    </svg>
                    <div
                      class="blog-follow-twitter"
                    >
                      Follow
                    </div>
                  </button>
                  <button
                    class="blog-button-2"
                  >
                    <svg
                      class="blog-icon-facebook"
                      fill="currentColor"
                      height="1em"
                      stroke="currentColor"
                      stroke-width="0"
                      viewBox="0 0 24 24"
                      width="1em"
                      xmlns="http://www.w3.org/2000/svg"
                    >
                      <path
                        d="M15.4024 21V14.0344H17.7347L18.0838 11.3265H15.4024V9.59765C15.4024 8.81364 15.62 8.27934 16.7443 8.27934L18.1783 8.27867V5.85676C17.9302 5.82382 17.0791 5.75006 16.0888 5.75006C14.0213 5.75006 12.606 7.01198 12.606 9.32952V11.3265H10.2677V14.0344H12.606V21H4C3.44772 21 3 20.5523 3 20V4C3 3.44772 3.44772 3 4 3H20C20.5523 3 21 3.44772 21 4V20C21 20.5523 20.5523 21 20 21H15.4024Z"
                      />
                    </svg>
                    <div
                      class="blog-follow-facebook"
                    >
                      Follow
                    </div>
                  </button>
                </div>
              </div>
              <div
                class="blog-help-links-wrapper"
              >
                <div
                  class="blog-help-links"
                >
                  <div
                    class="blog-learn-more-link"
                  >
                    <p
                      class="blog-learn-more"
                    >
                      Learn More
                    </p>
                  </div>
                  <a
                    class="blog-help-center"
                    href="/"
                  >
                    Cursus Help Center
                  </a>
                </div>
              </div>
            </form>
            <div
              class="blog-backgroundBorder-group"
            />
          </div>
          <div
            class="blog-nav-page-navigation-example"
          >
            <div
              class="blog-link-previous"
            >
              <div
                class="blog-prev"
              >
                PREV
              </div>
            </div>
            <div
              class="blog-link-1"
            >
              <div
                class="blog-number-1"
              >
                1
              </div>
            </div>
            <div
              class="blog-link-2"
            >
              <div
                class="blog-number-2"
              >
                2
              </div>
            </div>
            <div
              class="blog-link-3"
            >
              <div
                class="blog-number-3"
              >
                ...
              </div>
            </div>
            <div
              class="blog-link-4"
            >
              <div
                class="blog-number-4"
              >
                24
              </div>
            </div>
            <div
              class="blog-link-next"
            >
              <div
                class="blog-next"
              >
                NEXT
              </div>
            </div>
          </div>
        </div>
      </div>
    </main>
    <footer
      class="footer footer-large-container"
    >
      <div
        class="footer-links"
      >
        <div
          class="footer-column"
        >
          <a
            class="link"
            href="/about-us"
          >
            About
          </a>
          <a
            class="link"
            href="/blog-single-view/:id"
          >
            Blog
          </a>
          <a
            class="link"
            href="/career"
          >
            Careers
          </a>
          <a
            class="link"
            href="/press"
          >
            Press
          </a>
        </div>
        <div
          class="footer-column"
        >
          <a
            class="link"
            href="/help"
          >
            Help
          </a>
          <a
            class="link"
            href="/coming-soon"
          >
            Advertise
          </a>
          <a
            class="link"
            href="/coming-soon"
          >
            Developers
          </a>
          <a
            class="link"
            href="/contactus"
          >
            Contact Us
          </a>
        </div>
        <div
          class="footer-column"
        >
          <a
            class="link"
            href="/termsofuse"
          >
            Copyright Policy
          </a>
          <a
            class="link"
            href="/termsofuse"
          >
            Terms
          </a>
          <a
            class="link"
            href="/termsofuse"
          >
            Privacy Policy
          </a>
          <a
            class="link"
            href="/sitemap"
          >
            Sitemap
          </a>
        </div>
        <div
          class="footer-column"
        >
          <button
            class="teach-button"
          >
            Teach on Cursus
          </button>
          <div
            class="language-selector"
          >
            <button>
              Language 
              <span>
                ▼
              </span>
            </button>
          </div>
        </div>
      </div>
      <div
        class="footer-bottom"
      >
        <div
          class="footer-copy"
        >
          <img
            alt=""
            src="https://gambolthemes.net/html-items/cursus-new-demo/images/logo1.svg"
          />
          © 2024 
          <strong>
            Cursus
          </strong>
          . All Rights Reserved.
        </div>
        <div
          class="footer-social"
        >
          <a
            href="/home"
          >
            <img
              alt=""
              class="social-icon"
              src="facebook.png"
            />
          </a>
          <a
            href="/home"
          >
            <img
              alt=""
              class="social-icon"
              src="x.png"
            />
          </a>
          <a
            href="/home"
          >
            <img
              alt=""
              class="social-icon"
              src="google+.png"
            />
          </a>
          <a
            href="/home"
          >
            <img
              alt=""
              class="social-icon"
              src="linkedin.png"
            />
          </a>
          <a
            href="/home"
          >
            <img
              alt=""
              class="social-icon"
              src="insta.png"
            />
          </a>
          <a
            href="/home"
          >
            <img
              alt=""
              class="social-icon"
              src="pinterest.png"
            />
          </a>
        </div>
      </div>
    </footer>
  </div>
</div>
`;
